Archive member included to satisfy reference by file (symbol)

build/cooja/mtype45.a(simEnvChange.o)
                              build/cooja/mtype45.o (simDontFallAsleep)
build/cooja/mtype45.a(cooja_mt.o)
                              build/cooja/mtype45.o (cooja_mt_start)
build/cooja/mtype45.a(cooja_mtarch.o)
                              build/cooja/mtype45.a(cooja_mt.o) (cooja_mtarch_start)
build/cooja/mtype45.a(rtimer-arch.o)
                              build/cooja/mtype45.o (rtimer_arch_check)
build/cooja/mtype45.a(beep.o)
                              build/cooja/mtype45.o (beep_interface)
build/cooja/mtype45.a(leds-arch.o)
                              build/cooja/mtype45.o (leds_interface)
build/cooja/mtype45.a(moteid.o)
                              build/cooja/mtype45.o (moteid_interface)
build/cooja/mtype45.a(pir-sensor.o)
                              build/cooja/mtype45.o (pir_interface)
build/cooja/mtype45.a(rs232.o)
                              build/cooja/mtype45.o (rs232_interface)
build/cooja/mtype45.a(vib-sensor.o)
                              build/cooja/mtype45.o (vib_interface)
build/cooja/mtype45.a(clock.o)
                              build/cooja/mtype45.o (clock_interface)
build/cooja/mtype45.a(cooja-log.o)
                              build/cooja/mtype45.o (simlog_interface)
build/cooja/mtype45.a(cfs-cooja.o)
                              build/cooja/mtype45.o (cfs_interface)
build/cooja/mtype45.a(cooja-radio.o)
                              build/cooja/mtype45.o (radio_interface)
build/cooja/mtype45.a(eeprom.o)
                              build/cooja/mtype45.o (eeprom_interface)
build/cooja/mtype45.a(random.o)
                              build/cooja/mtype45.a(moteid.o) (random_init)
build/cooja/mtype45.a(sensors.o)
                              build/cooja/mtype45.a(pir-sensor.o) (sensors_changed)
build/cooja/mtype45.a(leds.o)
                              air_node.o (leds_set)
build/cooja/mtype45.a(gpio-hal-arch.o)
                              build/cooja/mtype45.a(leds-arch.o) (gpio_hal_arch_register_pin_callback)
build/cooja/mtype45.a(buttons.o)
                              build/cooja/mtype45.o (button_interface)
build/cooja/mtype45.a(res_purifier.o)
                              air_node.o (res_purifier)
build/cooja/mtype45.a(res_air.o)
                              build/cooja/mtype45.a(res_purifier.o) (carbon_dioxide_level)
build/cooja/mtype45.a(coap-blocking-a)
                              air_node.o (coap_blocking_request)
build/cooja/mtype45.a(coap-engine.o)
                              air_node.o (coap_activate_resource)
build/cooja/mtype45.a(coap-res-well-k)
                              build/cooja/mtype45.a(coap-engine.o) (res_well_known_core)
build/cooja/mtype45.a(coap-observe.o)
                              build/cooja/mtype45.a(coap-engine.o) (coap_remove_observer_by_mid)
build/cooja/mtype45.a(coap-uip.o)
                              build/cooja/mtype45.a(coap-observe.o) (coap_endpoint_copy)
build/cooja/mtype45.a(coap-timer.o)
                              build/cooja/mtype45.a(coap-engine.o) (coap_timer_set)
build/cooja/mtype45.a(coap-transactio)
                              build/cooja/mtype45.a(coap-blocking-a) (coap_send_transaction)
build/cooja/mtype45.a(coap.o)
                              build/cooja/mtype45.a(coap-engine.o) (coap_status_code)
build/cooja/mtype45.a(contiki-main.o)
                              build/cooja/mtype45.o (main)
build/cooja/mtype45.a(autostart.o)
                              build/cooja/mtype45.a(contiki-main.o) (autostart_start)
build/cooja/mtype45.a(ctimer.o)
                              build/cooja/mtype45.a(contiki-main.o) (ctimer_init)
build/cooja/mtype45.a(log.o)  build/cooja/mtype45.a(contiki-main.o) (curr_log_level_main)
build/cooja/mtype45.a(energest.o)
                              build/cooja/mtype45.a(contiki-main.o) (energest_init)
build/cooja/mtype45.a(etimer.o)
                              build/cooja/mtype45.a(contiki-main.o) (etimer_process)
build/cooja/mtype45.a(node-id.o)
                              build/cooja/mtype45.a(contiki-main.o) (node_id)
build/cooja/mtype45.a(rtimer.o)
                              build/cooja/mtype45.a(contiki-main.o) (rtimer_init)
build/cooja/mtype45.a(process.o)
                              build/cooja/mtype45.a(coap-blocking-a) (process_current)
build/cooja/mtype45.a(timer.o)
                              build/cooja/mtype45.a(etimer.o) (timer_set)
build/cooja/mtype45.a(list.o)
                              build/cooja/mtype45.a(coap-engine.o) (list_init)
build/cooja/mtype45.a(memb.o)
                              build/cooja/mtype45.a(coap-observe.o) (memb_alloc)
build/cooja/mtype45.a(button-hal.o)
                              build/cooja/mtype45.o (button_hal_init)
build/cooja/mtype45.a(serial-line.o)
                              build/cooja/mtype45.a(rs232.o) (serial_line_input_byte)
build/cooja/mtype45.a(gpio-hal.o)
[...]
Memory Configuration

Name             Origin             Length             Attributes
*default*        0x0000000000000000 0xffffffffffffffff

Linker script and memory map

LOAD /usr/lib/gcc/i686-linux-gnu/5/../../../i386-linux-gnu/crti.o
LOAD /usr/lib/gcc/i686-linux-gnu/5/crtbeginS.o
LOAD air_node.o
LOAD build/cooja/mtype45.o
LOAD build/cooja/mtype45.a
LOAD /usr/lib/gcc/i686-linux-gnu/5/libgcc.a
LOAD /usr/lib/gcc/i686-linux-gnu/5/libgcc_s.so
LOAD /usr/lib/gcc/i686-linux-gnu/5/../../../i386-linux-gnu/libc.so
START GROUP
LOAD /lib/i386-linux-gnu/libc.so.6
LOAD /usr/lib/i386-linux-gnu/libc_nonshared.a
LOAD /lib/i386-linux-gnu/ld-linux.so.2
END GROUP
LOAD /usr/lib/gcc/i686-linux-gnu/5/libgcc.a
LOAD /usr/lib/gcc/i686-linux-gnu/5/libgcc_s.so
LOAD /usr/lib/gcc/i686-linux-gnu/5/crtendS.o
LOAD /usr/lib/gcc/i686-linux-gnu/5/../../../i386-linux-gnu/crtn.o
                0x0000000000000114                . = (0x0 + SIZEOF_HEADERS)

.note.gnu.build-id
                0x0000000000000114       0x24
 *(.note.gnu.build-id)
 .note.gnu.build-id
                0x0000000000000114       0x24 /usr/lib/gcc/i686-linux-gnu/5/../../../i386-linux-gnu/crti.o

.hash
 *(.hash)

.gnu.hash       0x0000000000000138     0x15a0
 *(.gnu.hash)
 .gnu.hash      0x0000000000000138     0x15a0 /usr/lib/gcc/i686-linux-gnu/5/../../../i386-linux-gnu/crti.o

.dynsym         0x00000000000016d8     0x2f10
 *(.dynsym)
 .dynsym        0x00000000000016d8     0x2f10 /usr/lib/gcc/i686-linux-gnu/5/../../../i386-linux-gnu/crti.o

.dynstr         0x00000000000045e8     0x36c1
 *(.dynstr)
 .dynstr        0x00000000000045e8     0x36c1 /usr/lib/gcc/i686-linux-gnu/5/../../../i386-linux-gnu/crti.o

.gnu.version    0x0000000000007caa      0x5e2
 *(.gnu.version)
 .gnu.version   0x0000000000007caa      0x5e2 /usr/lib/gcc/i686-linux-gnu/5/../../../i386-linux-gnu/crti.o

.gnu.version_d  0x000000000000828c        0x0
 *(.gnu.version_d)
 .gnu.version_d
                0x000000000000828c        0x0 /usr/lib/gcc/i686-linux-gnu/5/../../../i386-linux-gnu/crti.o

.gnu.version_r  0x000000000000828c       0x40
 *(.gnu.version_r)
 .gnu.version_r
                0x000000000000828c       0x40 /usr/lib/gcc/i686-linux-gnu/5/../../../i386-linux-gnu/crti.o

.rel.dyn        0x00000000000082cc     0x9420
 *(.rel.init)
 .rel.init      0x00000000000082cc        0x0 /usr/lib/gcc/i686-linux-gnu/5/../../../i386-linux-gnu/crti.o
 *(.rel.text .rel.text.* .rel.gnu.linkonce.t.*)
 .rel.text      0x00000000000082cc     0x8a50 /usr/lib/gcc/i686-linux-gnu/5/../../../i386-linux-gnu/crti.o
 *(.rel.fini)
 .rel.fini      0x0000000000010d1c        0x0 /usr/lib/gcc/i686-linux-gnu/5/../../../i386-linux-gnu/crti.o
 *(.rel.rodata .rel.rodata.* .rel.gnu.linkonce.r.*)
 .rel.rodata    0x0000000000010d1c      0x588 /usr/lib/gcc/i686-linux-gnu/5/../../../i386-linux-gnu/crti.o
 *(.rel.data.rel.ro .rel.data.rel.ro.* .rel.gnu.linkonce.d.rel.ro.*)
 *(.rel.data .rel.data.* .rel.gnu.linkonce.d.*)
 .rel.data.rel.local
                0x00000000000112a4        0x8 /usr/lib/gcc/i686-linux-gnu/5/../../../i386-linux-gnu/crti.o
 .rel.data      0x00000000000112ac      0x408 /usr/lib/gcc/i686-linux-gnu/5/../../../i386-linux-gnu/crti.o
 *(.rel.tdata .rel.tdata.* .rel.gnu.linkonce.td.*)
 *(.rel.tbss .rel.tbss.* .rel.gnu.linkonce.tb.*)
 *(.rel.ctors)
 *(.rel.dtors)
 *(.rel.got)
 .rel.got       0x00000000000116b4       0x28 /usr/lib/gcc/i686-linux-gnu/5/../../../i386-linux-gnu/crti.o
 *(.rel.bss .rel.bss.* .rel.gnu.linkonce.b.*)
 *(.rel.ifunc)
 .rel.ifunc     0x00000000000116dc        0x0 /usr/lib/gcc/i686-linux-gnu/5/../../../i386-linux-gnu/crti.o
 .rel.fini_array
                0x00000000000116dc        0x8 /usr/lib/gcc/i686-linux-gnu/5/../../../i386-linux-gnu/crti.o
 .rel.init_array
                0x00000000000116e4        0x8 /usr/lib/gcc/i686-linux-gnu/5/../../../i386-linux-gnu/crti.o

.rel.plt        0x00000000000116ec        0x0
 *(.rel.plt)
 .rel.plt       0x00000000000116ec        0x0 /usr/lib/gcc/i686-linux-gnu/5/../../../i386-linux-gnu/crti.o
 *(.rel.iplt)

.init           0x00000000000116ec       0x23
 *(SORT(.init))
 .init          0x00000000000116ec       0x1e /usr/lib/gcc/i686-linux-gnu/5/../../../i386-linux-gnu/crti.o
                0x00000000000116ec                _init
 .init          0x000000000001170a        0x5 /usr/lib/gcc/i686-linux-gnu/5/../../../i386-linux-gnu/crtn.o

.plt            0x0000000000011710       0x10
 *(.plt)
 .plt           0x0000000000011710       0x10 /usr/lib/gcc/i686-linux-gnu/5/../../../i386-linux-gnu/crti.o
 *(.iplt)

.plt.got        0x0000000000011720       0x10
 *(.plt.got)
 .plt.got       0x0000000000011720       0x10 /usr/lib/gcc/i686-linux-gnu/5/../../../i386-linux-gnu/crti.o

.text           0x0000000000011730    0x189b2
 *(.text.unlikely .text.*_unlikely .text.unlikely.*)
 .text.unlikely
                0x0000000000011730        0x0 /usr/lib/gcc/i686-linux-gnu/5/crtbeginS.o
 .text.unlikely
                0x0000000000011730        0x0 /usr/lib/gcc/i686-linux-gnu/5/libgcc.a(_udivdi3.o)
 *(.text.exit .text.exit.*)
 *(.text.startup .text.startup.*)
 *(.text.hot .text.hot.*)
 *(.text .stub .text.* .gnu.linkonce.t.*)
 .text          0x0000000000011730        0x0 /usr/lib/gcc/i686-linux-gnu/5/../../../i386-linux-gnu/crti.o
 .gnu.linkonce.t.__x86.get_pc_thunk.bx
                0x0000000000011730        0x4 /usr/lib/gcc/i686-linux-gnu/5/../../../i386-linux-gnu/crti.o
                0x0000000000011730                __x86.get_pc_thunk.bx
 *fill*         0x0000000000011734        0xc 
 .text          0x0000000000011740      0x11c /usr/lib/gcc/i686-linux-gnu/5/crtbeginS.o
 .text.__x86.get_pc_thunk.dx
                0x000000000001185c        0x4 /usr/lib/gcc/i686-linux-gnu/5/crtbeginS.o
                0x000000000001185c                __x86.get_pc_thunk.dx
 .text          0x0000000000011860      0x2b8 air_node.o
                0x0000000000011860                client_chunk_handler
 .text          0x0000000000011b18      0x283 build/cooja/mtype45.o
                0x0000000000011baa                platform_init_stage_one
                0x0000000000011bbd                platform_init_stage_two
                0x0000000000011bd0                platform_init_stage_three
                0x0000000000011be3                platform_main_loop
                0x0000000000011c56                Java_org_contikios_cooja_corecomm_Lib39_init
                0x0000000000011c8d                Java_org_contikios_cooja_corecomm_Lib39_getMemory
                0x0000000000011cc0                Java_org_contikios_cooja_corecomm_Lib39_setMemory
                0x0000000000011d20                Java_org_contikios_cooja_corecomm_Lib39_tick
                0x0000000000011d88                Java_org_contikios_cooja_corecomm_Lib39_setReferenceAddress
 .text          0x0000000000011d9b       0x65 build/cooja/mtype45.a(simEnvChange.o)
                0x0000000000011d9b                doActionsBeforeTick
                0x0000000000011dcd                doActionsAfterTick
 .text          0x0000000000011e00       0x83 build/cooja/mtype45.a(cooja_mt.o)
                0x0000000000011e00                cooja_mt_start
                0x0000000000011e2a                cooja_mt_exec
                0x0000000000011e60                cooja_mt_yield
 .text          0x0000000000011e83       0xbe build/cooja/mtype45.a(cooja_mtarch.o)
                0x0000000000011e83                cooja_mtarch_start
                0x0000000000011ef6                cooja_sw
                0x0000000000011f19                cooja_mtarch_exec
                0x0000000000011f36                cooja_mtarch_yield
 .text          0x0000000000011f41       0xc5 build/cooja/mtype45.a(rtimer-arch.o)
                0x0000000000011f41                rtimer_arch_init
                0x0000000000011f65                rtimer_arch_schedule
                0x0000000000011f95                rtimer_arch_next
                0x0000000000011fa5                rtimer_arch_pending
                0x0000000000011faf                rtimer_arch_check
                0x0000000000011ff6                rtimer_arch_now
 .text          0x0000000000012006       0x81 build/cooja/mtype45.a(beep.o)
                0x0000000000012006                beep_alarm
                0x0000000000012013                beep_beep
                0x0000000000012020                beep
                0x000000000001202d                beep_down
                0x000000000001203a                beep_on
                0x0000000000012047                beep_off
                0x0000000000012054                beep_spinup
                0x0000000000012061                beep_quick
                0x000000000001206e                beep_long
 .text          0x0000000000012087       0x65 build/cooja/mtype45.a(leds-arch.o)
                0x000000000001209a                leds_arch_init
 .text          0x00000000000120ec       0x35 build/cooja/mtype45.a(moteid.o)
 .text          0x0000000000012121       0xb7 build/cooja/mtype45.a(pir-sensor.o)
 .text          0x00000000000121d8      0x148 build/cooja/mtype45.a(rs232.o)
                0x00000000000121d8                rs232_init
                0x00000000000121de                rs232_set_speed
                0x00000000000121ed                rs232_set_input
                0x00000000000121fb                rs232_send
                0x000000000001221f                rs232_print
                0x000000000001223b                slip_arch_writeb
 .text          0x0000000000012320       0xb7 build/cooja/mtype45.a(vib-sensor.o)
 .text          0x00000000000123d7       0x38 build/cooja/mtype45.a(clock.o)
                0x00000000000123d7                clock_init
                0x00000000000123dd                clock_time
                0x00000000000123e7                clock_seconds
                0x00000000000123fd                clock_delay
 .text          0x000000000001240f      0x219 build/cooja/mtype45.a(cooja-log.o)
                0x000000000001240f                simlog_char
                0x0000000000012452                simlog
                0x00000000000124c8                log_message
                0x00000000000124f9                log_set_putchar_with_slip
                0x0000000000012507                log_putchar
                0x0000000000012582                log_puts
                0x00000000000125aa                log_printf
 .text          0x0000000000012628      0x2b9 build/cooja/mtype45.a(cfs-cooja.o)
                0x0000000000012628                cfs_open
                0x0000000000012691                cfs_close
                0x000000000001269e                cfs_read
                0x0000000000012733                cfs_write
                0x000000000001280f                cfs_seek
                0x0000000000012897                cfs_remove
                0x00000000000128bb                cfs_opendir
                0x00000000000128c5                cfs_readdir
                0x00000000000128cf                cfs_closedir
 .text          0x00000000000128e1      0x620 build/cooja/mtype45.a(cooja-radio.o)
                0x0000000000012923                radio_set_channel
                0x0000000000012931                radio_set_txpower
                0x0000000000012949                radio_signal_strength_last
                0x0000000000012953                radio_signal_strength_current
                0x000000000001295d                radio_LQI
 .text          0x0000000000012f01       0xee build/cooja/mtype45.a(eeprom.o)
                0x0000000000012f01                eeprom_init
                0x0000000000012f07                eeprom_read
                0x0000000000012f75                eeprom_write
 .text          0x0000000000012fef       0x2d build/cooja/mtype45.a(random.o)
                0x0000000000012fef                random_init
                0x000000000001300f                random_rand
 .text          0x000000000001301c      0x29c build/cooja/mtype45.a(sensors.o)
                0x0000000000013057                sensors_first
                0x0000000000013061                sensors_next
                0x000000000001307b                sensors_changed
                0x00000000000130af                sensors_find
 .text          0x00000000000132b8      0x349 build/cooja/mtype45.a(leds.o)
                0x00000000000132b8                leds_init
                0x00000000000132ff                leds_single_on
                0x000000000001335e                leds_single_off
                0x00000000000133bd                leds_single_toggle
                0x00000000000133ef                leds_on
                0x0000000000013471                leds_off
                0x00000000000134f3                leds_toggle
                0x0000000000013548                leds_set
                0x0000000000013574                leds_get
 .text          0x0000000000013601      0x343 build/cooja/mtype45.a(gpio-hal-arch.o)
                0x0000000000013601                gpio_hal_arch_register_pin_callback
                0x000000000001366d                gpio_hal_arch_init
                0x00000000000136b2                gpio_hal_arch_no_port_interrupt_enable
                0x00000000000136e2                gpio_hal_arch_no_port_interrupt_disable
                0x0000000000013712                gpio_hal_arch_no_port_pin_cfg_set
                0x0000000000013737                gpio_hal_arch_no_port_pin_cfg_get
                0x000000000001375d                gpio_hal_arch_no_port_pin_set_input
                0x000000000001376f                gpio_hal_arch_no_port_pin_set_output
                0x0000000000013781                gpio_hal_arch_no_port_set_pin
                0x00000000000137a2                gpio_hal_arch_no_port_clear_pin
                0x00000000000137c3                gpio_hal_arch_no_port_read_pin
                0x00000000000137e9                gpio_hal_arch_no_port_write_pin
                0x0000000000013813                gpio_hal_arch_no_port_set_pins
                0x000000000001385a                gpio_hal_arch_no_port_clear_pins
                0x00000000000138a1                gpio_hal_arch_no_port_read_pins
                0x00000000000138e4                gpio_hal_arch_no_port_write_pins
 .text          0x0000000000013944       0x89 build/cooja/mtype45.a(buttons.o)
 .text          0x00000000000139cd      0x318 build/cooja/mtype45.a(res_purifier.o)
 .text          0x0000000000013ce5      0x321 build/cooja/mtype45.a(res_air.o)
 .text          0x0000000000014006      0x27b build/cooja/mtype45.a(coap-blocking-a)
                0x0000000000014006                coap_blocking_request_callback
                0x0000000000014030                coap_blocking_request
 .text          0x0000000000014281      0xbea build/cooja/mtype45.a(coap-engine.o)
                0x0000000000014316                coap_add_handler
                0x0000000000014333                coap_remove_handler
                0x0000000000014350                coap_call_handlers
                0x0000000000014458                coap_receive
                0x0000000000014a53                coap_engine_init
                0x0000000000014ab1                coap_activate_resource
                0x0000000000014b5c                coap_get_first_resource
                0x0000000000014b75                coap_get_next_resource
 .text          0x0000000000014e6b      0x2d9 build/cooja/mtype45.a(coap-res-well-k)
 .text          0x0000000000015144      0x96a build/cooja/mtype45.a(coap-observe.o)
                0x0000000000015259                coap_remove_observer
                0x0000000000015289                coap_remove_observer_by_client
                0x00000000000152f1                coap_remove_observer_by_token
                0x0000000000015384                coap_remove_observer_by_uri
                0x000000000001542b                coap_remove_observer_by_mid
                0x00000000000154a7                coap_notify_observers
                0x00000000000154c0                coap_notify_observers_sub
                0x000000000001592a                coap_observe_handler
                0x0000000000015a45                coap_has_observers
 .text          0x0000000000015aae      0x733 build/cooja/mtype45.a(coap-uip.o)
                0x0000000000015aae                coap_endpoint_log
                0x0000000000015b34                coap_endpoint_print
                0x0000000000015bba                coap_endpoint_snprint
                0x0000000000015ced                coap_endpoint_copy
                0x0000000000015d2a                coap_endpoint_cmp
                0x0000000000015e38                coap_endpoint_parse
                0x0000000000016023                coap_endpoint_is_secure
                0x0000000000016032                coap_endpoint_is_connected
                0x0000000000016066                coap_endpoint_connect
                0x0000000000016082                coap_endpoint_disconnect
                0x0000000000016088                coap_databuf
                0x0000000000016092                coap_transport_init
                0x00000000000160e2                coap_sendto
 .text          0x00000000000161e1      0x324 build/cooja/mtype45.a(coap-timer.o)
                0x00000000000162de                coap_timer_stop
                0x0000000000016309                coap_timer_set
                0x000000000001634c                coap_timer_reset
                0x000000000001638f                coap_timer_time_to_next_expiration
                0x00000000000163fb                coap_timer_run
                0x00000000000164c7                coap_timer_init
 .text          0x0000000000016505      0x2c6 build/cooja/mtype45.a(coap-transactio)
                0x000000000001656b                coap_new_transaction
                0x00000000000165d1                coap_send_transaction
                0x0000000000016732                coap_clear_transaction
                0x000000000001677a                coap_get_transaction_by_mid
 .text          0x00000000000167cb     0x1c53 build/cooja/mtype45.a(coap.o)
                0x0000000000016d38                coap_init_connection
                0x0000000000016d4c                coap_get_mid
                0x0000000000016d68                coap_init_message
                0x0000000000016db1                coap_serialize_message
                0x0000000000017433                coap_parse_message
                0x0000000000017a9a                coap_get_query_variable
                0x0000000000017adc                coap_get_post_variable
                0x0000000000017b20                coap_set_status_code
                0x0000000000017b45                coap_set_token
                0x0000000000017b8c                coap_get_header_content_format
                0x0000000000017bbd                coap_set_header_content_format
                0x0000000000017be0                coap_get_header_accept
                0x0000000000017c11                coap_set_header_accept
                0x0000000000017c34                coap_get_header_max_age
                0x0000000000017c65                coap_set_header_max_age
                0x0000000000017c85                coap_get_header_etag
                0x0000000000017cb7                coap_set_header_etag
                0x0000000000017d0e                coap_get_header_if_match
                0x0000000000017d40                coap_set_header_if_match
                0x0000000000017d97                coap_get_header_if_none_match
                0x0000000000017db1                coap_set_header_if_none_match
                0x0000000000017dc8                coap_get_header_proxy_uri
                0x0000000000017df6                coap_set_header_proxy_uri
                0x0000000000017e33                coap_get_header_uri_host
                0x0000000000017e61                coap_set_header_uri_host
                0x0000000000017e9e                coap_get_header_uri_path
                0x0000000000017ecc                coap_set_header_uri_path
                0x0000000000017f19                coap_get_header_uri_query
                0x0000000000017f4d                coap_set_header_uri_query
                0x0000000000017fa3                coap_get_header_location_path
                0x0000000000017fd1                coap_set_header_location_path
                0x000000000001806a                coap_get_header_location_query
                0x0000000000018098                coap_set_header_location_query
                0x00000000000180e5                coap_get_header_observe
                0x0000000000018114                coap_set_header_observe
                0x0000000000018134                coap_get_header_block2
                0x00000000000181a0                coap_set_header_block2
                0x0000000000018217                coap_get_header_block1
                0x000000000001828c                coap_set_header_block1
                0x0000000000018307                coap_get_header_size2
                0x0000000000018337                coap_set_header_size2
                0x000000000001835a                coap_get_header_size1
                0x000000000001838a                coap_set_header_size1
                0x00000000000183ad                coap_get_payload
                0x00000000000183e7                coap_set_payload
 .text          0x000000000001841e      0x332 build/cooja/mtype45.a(contiki-main.o)
                0x000000000001841e                main
 .text          0x0000000000018750       0x92 build/cooja/mtype45.a(autostart.o)
                0x0000000000018750                autostart_start
                0x000000000001879a                autostart_exit
 .text          0x00000000000187e2      0x355 build/cooja/mtype45.a(ctimer.o)
                0x000000000001890a                ctimer_init
                0x000000000001893d                ctimer_set
                0x0000000000018963                ctimer_set_with_process
                0x00000000000189e0                ctimer_reset
                0x0000000000018a34                ctimer_restart
                0x0000000000018a88                ctimer_stop
                0x0000000000018ad8                ctimer_expired
 .text          0x0000000000018b37      0x394 build/cooja/mtype45.a(log.o)
                0x0000000000018b37                log_6addr
                0x0000000000018b8a                log_6addr_compact_snprint
                0x0000000000018c28                log_6addr_compact
                0x0000000000018c7b                log_lladdr
                0x0000000000018ced                log_lladdr_compact
                0x0000000000018d55                log_set_level
                0x0000000000018e10                log_get_level
                0x0000000000018e89                log_level_to_str
 .text          0x0000000000018ecb       0x1b build/cooja/mtype45.a(energest.o)
                0x0000000000018ecb                energest_init
                0x0000000000018ed1                energest_flush
                0x0000000000018ed7                energest_get_total_time
 .text          0x0000000000018ee6      0x43f build/cooja/mtype45.a(etimer.o)
                0x000000000001910a                etimer_request_poll
                0x0000000000019193                etimer_set
                0x00000000000191bc                etimer_reset_with_new_interval
                0x00000000000191eb                etimer_reset
                0x0000000000019211                etimer_restart
                0x0000000000019237                etimer_adjust
                0x0000000000019254                etimer_expired
                0x0000000000019267                etimer_expiration_time
                0x0000000000019279                etimer_start_time
                0x0000000000019283                etimer_pending
                0x0000000000019295                etimer_next_expiration_time
                0x00000000000192af                etimer_stop
 .text          0x0000000000019325       0x25 build/cooja/mtype45.a(node-id.o)
                0x0000000000019325                node_id_init
 .text          0x000000000001934a       0xeb build/cooja/mtype45.a(rtimer.o)
                0x000000000001934a                rtimer_init
                0x0000000000019358                rtimer_set
                0x00000000000193d3                rtimer_run_next
 .text          0x0000000000019435      0x4fb build/cooja/mtype45.a(process.o)
                0x0000000000019435                process_alloc_event
                0x000000000001944a                process_start
                0x0000000000019624                process_exit
                0x0000000000019641                process_init
                0x00000000000197d6                process_run
                0x0000000000019809                process_nevents
                0x0000000000019824                process_post
                0x00000000000198b7                process_post_synch
                0x00000000000198ec                process_poll
                0x000000000001991c                process_is_running
 .text          0x0000000000019930       0xb1 build/cooja/mtype45.a(timer.o)
                0x0000000000019930                timer_set
                0x000000000001994e                timer_reset
                0x000000000001997b                timer_restart
                0x0000000000019990                timer_expired
                0x00000000000199bd                timer_remaining
 .text          0x00000000000199e1      0x28f build/cooja/mtype45.a(list.o)
                0x00000000000199e1                list_init
                0x00000000000199f0                list_head
                0x00000000000199fa                list_copy
                0x0000000000019a0a                list_tail
                0x0000000000019a40                list_add
                0x0000000000019a8c                list_push
                0x0000000000019ab8                list_chop
                0x0000000000019b22                list_pop
                0x0000000000019b4a                list_remove
                0x0000000000019bb2                list_length
                0x0000000000019be0                list_insert
                0x0000000000019c25                list_item_next
                0x0000000000019c3c                list_contains
 .text          0x0000000000019c70      0x1b5 build/cooja/mtype45.a(memb.o)
                0x0000000000019c70                memb_init
                0x0000000000019cc5                memb_alloc
                0x0000000000019d28                memb_free
                0x0000000000019d9f                memb_inmemb
                0x0000000000019dde                memb_numfree
 .text          0x0000000000019e25      0x41c build/cooja/mtype45.a(button-hal.o)
                0x0000000000019f9e                button_hal_get_by_id
                0x0000000000019fdc                button_hal_get_by_index
                0x000000000001a008                button_hal_get_state
                0x000000000001a05a                button_hal_init
 .text          0x000000000001a241      0x1f3 build/cooja/mtype45.a(serial-line.o)
                0x000000000001a241                serial_line_input_byte
                0x000000000001a3ff                serial_line_init
 .text          0x000000000001a434      0x168 build/cooja/mtype45.a(gpio-hal.o)
                0x000000000001a434                gpio_hal_register_handler
                0x000000000001a451                gpio_hal_event_handler
                0x000000000001a4ad                gpio_hal_init
                0x000000000001a4cc                gpio_hal_arch_port_toggle_pin
                0x000000000001a508                gpio_hal_arch_port_toggle_pins
                0x000000000001a536                gpio_hal_arch_no_port_toggle_pin
                0x000000000001a574                gpio_hal_arch_no_port_toggle_pins
 .text          0x000000000001a59c      0x2e7 build/cooja/mtype45.a(queuebuf.o)
                0x000000000001a5a6                queuebuf_init
                0x000000000001a5cf                queuebuf_numfree
                0x000000000001a5e7                queuebuf_new_from_packetbuf
                0x000000000001a686                queuebuf_update_attr_from_packetbuf
                0x000000000001a6bb                queuebuf_update_from_packetbuf
                0x000000000001a70b                queuebuf_free
                0x000000000001a754                queuebuf_to_packetbuf
                0x000000000001a7c0                queuebuf_dataptr
                0x000000000001a7fa                queuebuf_datalen
                0x000000000001a81d                queuebuf_addr
                0x000000000001a852                queuebuf_attr
                0x000000000001a87d                queuebuf_debug_print
 .text          0x000000000001a883      0x407 build/cooja/mtype45.a(packetbuf.o)
                0x000000000001a883                packetbuf_clear
                0x000000000001a8ae                packetbuf_copyfrom
                0x000000000001a8fd                packetbuf_copyto
                0x000000000001a990                packetbuf_hdralloc
                0x000000000001aa0c                packetbuf_hdrreduce
                0x000000000001aa52                packetbuf_set_datalen
                0x000000000001aa6c                packetbuf_dataptr
                0x000000000001aa89                packetbuf_hdrptr
                0x000000000001aa93                packetbuf_datalen
                0x000000000001aa9f                packetbuf_hdrlen
                0x000000000001aab6                packetbuf_totlen
                0x000000000001aacc                packetbuf_remaininglen
                0x000000000001aadf                packetbuf_attr_clear
                0x000000000001ab2b                packetbuf_attr_copyto
                0x000000000001ab83                packetbuf_attr_copyfrom
                0x000000000001abdb                packetbuf_set_attr
                0x000000000001ac05                packetbuf_attr
                0x000000000001ac1f                packetbuf_set_addr
                0x000000000001ac50                packetbuf_addr
                0x000000000001ac6d                packetbuf_holds_broadcast
 .text          0x000000000001ac8a       0xef build/cooja/mtype45.a(netstack.o)
                0x000000000001ac8a                netstack_process_ip_callback
                0x000000000001ad1b                netstack_ip_packet_processor_add
                0x000000000001ad3e                uip_ds6_ip_packet_processor_rm
                0x000000000001ad5b                netstack_init
 .text          0x000000000001ad79       0x4f build/cooja/mtype45.a(linkaddr.o)
                0x000000000001ad79                linkaddr_copy
                0x000000000001ad8f                linkaddr_cmp
                0x000000000001adb2                linkaddr_set_node_addr
 .text          0x000000000001adc8      0x1f6 build/cooja/mtype45.a(csma.o)
 .text          0x000000000001afbe      0x95d build/cooja/mtype45.a(csma-output.o)
                0x000000000001b655                csma_output_packet
                0x000000000001b8e2                csma_output_init
 .text          0x000000000001b91b      0xc11 build/cooja/mtype45.a(uip-ds6.o)
                0x000000000001b91b                uip_ds6_default_prefix
                0x000000000001b925                uip_ds6_set_default_prefix
                0x000000000001b950                uip_ds6_init
                0x000000000001bbb2                uip_ds6_periodic
                0x000000000001bc39                uip_ds6_list_loop
                0x000000000001bcf9                uip_ds6_prefix_add
                0x000000000001bda5                uip_ds6_prefix_rm
                0x000000000001bdb8                uip_ds6_prefix_lookup
                0x000000000001bdf7                uip_ds6_is_addr_onlink
                0x000000000001be6a                uip_ds6_addr_add
                0x000000000001bf8a                uip_ds6_addr_rm
                0x000000000001c033                uip_ds6_addr_lookup
                0x000000000001c06c                uip_ds6_get_link_local
                0x000000000001c0ed                uip_ds6_get_global
                0x000000000001c16e                uip_ds6_maddr_add
                0x000000000001c1ce                uip_ds6_maddr_rm
                0x000000000001c1e1                uip_ds6_maddr_lookup
                0x000000000001c21a                uip_ds6_aaddr_add
                0x000000000001c27a                uip_ds6_aaddr_rm
                0x000000000001c28d                uip_ds6_aaddr_lookup
                0x000000000001c2c6                uip_ds6_select_src
                0x000000000001c40f                uip_ds6_set_addr_iid
                0x000000000001c43a                uip_ds6_set_lladdr_from_iid
                0x000000000001c463                get_match_length
                0x000000000001c4f4                uip_ds6_compute_reachable_time
 .text          0x000000000001c52c      0x128 build/cooja/mtype45.a(uip-udp-packet.)
                0x000000000001c52c                uip_udp_packet_send
                0x000000000001c587                uip_udp_packet_sendto
 .text          0x000000000001c654      0x35b build/cooja/mtype45.a(uip-ds6-route.o)
                0x000000000001c6a5                uip_ds6_route_init
                0x000000000001c6cf                uip_ds6_route_nexthop
                0x000000000001c6d9                uip_ds6_route_head
                0x000000000001c6e3                uip_ds6_route_next
                0x000000000001c6ed                uip_ds6_route_is_nexthop
                0x000000000001c6f7                uip_ds6_route_num_routes
                0x000000000001c701                uip_ds6_route_lookup
                0x000000000001c70b                uip_ds6_route_add
                0x000000000001c71e                uip_ds6_route_rm
                0x000000000001c724                uip_ds6_route_rm_by_nexthop
                0x000000000001c72a                uip_ds6_defrt_head
                0x000000000001c743                uip_ds6_defrt_add
                0x000000000001c7f1                uip_ds6_defrt_rm
                0x000000000001c857                uip_ds6_defrt_lookup
                0x000000000001c8be                uip_ds6_defrt_choose
                0x000000000001c934                uip_ds6_defrt_periodic
 .text          0x000000000001c9af      0x6f7 build/cooja/mtype45.a(tcpip.o)
                0x000000000001c9c9                tcpip_output
                0x000000000001ca48                udp_attach
                0x000000000001ca60                udp_new
                0x000000000001caaa                udp_broadcast_new
                0x000000000001cc1c                tcpip_input
                0x000000000001cdac                tcpip_ipv6_output
                0x000000000001cfa0                tcpip_poll_udp
                0x000000000001cfbe                tcpip_uipcall
 .text          0x000000000001d0a6     0x1205 build/cooja/mtype45.a(uip6.o)
                0x000000000001d155                uip_chksum
                0x000000000001d22c                uip_icmp6chksum
                0x000000000001d241                uip_udpchksum
                0x000000000001d256                uip_init
                0x000000000001d29f                uip_remove_ext_hdr
                0x000000000001d379                uip_udp_new
                0x000000000001d68d                uip_process
                0x000000000001e185                uip_htons
                0x000000000001e1a7                uip_htonl
                0x000000000001e1e5                uip_send
 .text          0x000000000001e2ab      0x369 build/cooja/mtype45.a(uip-ds6-nbr.o)
                0x000000000001e2ab                uip_ds6_neighbors_init
                0x000000000001e2cf                uip_ds6_nbr_add
                0x000000000001e355                uip_ds6_nbr_rm
                0x000000000001e3a0                uip_ds6_nbr_update_ll
                0x000000000001e48e                uip_ds6_nbr_get_ipaddr
                0x000000000001e4a3                uip_ds6_nbr_get_ll
                0x000000000001e4bf                uip_ds6_nbr_num
                0x000000000001e508                uip_ds6_nbr_head
                0x000000000001e521                uip_ds6_nbr_next
                0x000000000001e53d                uip_ds6_nbr_lookup
                0x000000000001e595                uip_ds6_nbr_ll_lookup
                0x000000000001e5b1                uip_ds6_nbr_ipaddr_from_lladdr
                0x000000000001e5da                uip_ds6_nbr_lladdr_from_ipaddr
                0x000000000001e60e                uip_ds6_link_callback
 .text          0x000000000001e614      0x6a7 build/cooja/mtype45.a(uip-nd6.o)
                0x000000000001eca2                uip_nd6_init
 .text          0x000000000001ecbb     0x2c17 build/cooja/mtype45.a(sicslowpan.o)
                0x000000000001f2c2                netstack_sniffer_add
                0x000000000001f2d0                netstack_sniffer_remove
                0x00000000000218a6                sicslowpan_init
                0x00000000000218c8                sicslowpan_get_last_rssi
 .text          0x00000000000218d2      0x4d1 build/cooja/mtype45.a(uiplib.o)
                0x00000000000218d2                uiplib_ip6addrconv
                0x0000000000021a8a                uiplib_ip4addrconv
                0x0000000000021b4d                uiplib_ipaddr_print
                0x0000000000021ba0                uiplib_ipaddr_snprint
 .text          0x0000000000021da3      0x4c9 build/cooja/mtype45.a(rpl.o)
                0x0000000000021da3                rpl_lollipop_greater_than
                0x0000000000021dfd                rpl_get_global_address
                0x0000000000021ef5                rpl_link_callback
                0x0000000000021f39                rpl_has_joined
                0x0000000000021f5e                rpl_is_reachable
                0x0000000000021fdf                rpl_reset_prefix
                0x0000000000022049                rpl_set_prefix_from_addr
                0x000000000002212e                rpl_set_prefix
                0x0000000000022248                rpl_set_leaf_only
                0x0000000000022260                rpl_get_leaf_only
 .text          0x000000000002226c     0x138c build/cooja/mtype45.a(rpl-icmp6.o)
                0x0000000000022391                rpl_icmp6_update_nbr_table
                0x000000000002241a                rpl_icmp6_dis_output
                0x0000000000022a60                rpl_icmp6_dio_output
                0x000000000002325e                rpl_icmp6_dao_output
                0x000000000002353f                rpl_icmp6_dao_ack_output
                0x00000000000235af                rpl_icmp6_init
 .text          0x00000000000235f8      0x264 build/cooja/mtype45.a(rpl-dag-root.o)
                0x00000000000235f8                rpl_dag_root_print_links
                0x0000000000023724                rpl_dag_root_set_prefix
                0x0000000000023750                rpl_dag_root_start
                0x000000000002382d                rpl_dag_root_is_root
 .text          0x000000000002385c       0x30 build/cooja/mtype45.a(watchdog.o)
                0x000000000002385c                watchdog_init
                0x0000000000023862                watchdog_start
                0x0000000000023868                watchdog_periodic
                0x0000000000023880                watchdog_stop
                0x0000000000023886                watchdog_reboot
 .text          0x000000000002388c       0x4a build/cooja/mtype45.a(int-master.o)
                0x000000000002388c                int_master_enable
                0x000000000002389c                int_master_read_and_disable
                0x00000000000238b9                int_master_status_set
                0x00000000000238c7                int_master_is_enabled
 .text          0x00000000000238d6      0x226 build/cooja/mtype45.a(coap-timer-defa)
 .text          0x0000000000023afc       0xc7 build/cooja/mtype45.a(stimer.o)
                0x0000000000023afc                stimer_set
                0x0000000000023b1a                stimer_reset
                0x0000000000023b47                stimer_restart
                0x0000000000023b5c                stimer_expired
                0x0000000000023b87                stimer_remaining
                0x0000000000023bab                stimer_elapsed
 .text          0x0000000000023bc3      0x156 build/cooja/mtype45.a(ringbuf.o)
                0x0000000000023bc3                ringbuf_init
                0x0000000000023bf5                ringbuf_put
                0x0000000000023c73                ringbuf_get
                0x0000000000023ce0                ringbuf_size
                0x0000000000023cf2                ringbuf_elements
 .text          0x0000000000023d19       0x1f build/cooja/mtype45.a(assert.o)
                0x0000000000023d19                _xassert
 .text          0x0000000000023d38      0x79b build/cooja/mtype45.a(nbr-table.o)
                0x00000000000241b1                nbr_table_register
                0x000000000002421e                nbr_table_is_registered
                0x0000000000024259                nbr_table_head
                0x00000000000242b4                nbr_table_next
                0x0000000000024315                nbr_table_add_lladdr
                0x00000000000243ef                nbr_table_get_from_lladdr
                0x000000000002443b                nbr_table_remove
                0x0000000000024473                nbr_table_lock
                0x000000000002448d                nbr_table_unlock
                0x00000000000244a7                nbr_table_get_lladdr
 .text          0x00000000000244d3      0x3a5 build/cooja/mtype45.a(link-stats.o)
                0x00000000000244d3                link_stats_from_lladdr
                0x00000000000244ef                link_stats_get_lladdr
                0x000000000002450b                link_stats_is_fresh
                0x0000000000024547                guess_etx_from_rssi
                0x00000000000245c3                link_stats_packet_sent
                0x00000000000246e3                link_stats_input_callback
                0x00000000000247f3                link_stats_reset
                0x0000000000024843                link_stats_init
 .text          0x0000000000024878      0x187 build/cooja/mtype45.a(mac-sequence.o)
                0x0000000000024878                mac_sequence_is_duplicate
                0x0000000000024918                mac_sequence_register_seqno
 .text          0x00000000000249ff       0x23 build/cooja/mtype45.a(mac.o)
                0x00000000000249ff                mac_call_sent_callback
 .text          0x0000000000024a22      0x432 build/cooja/mtype45.a(framer-802154.o)
                0x0000000000024bb1                framer_802154_setup_params
 .text          0x0000000000024e54      0xb6f build/cooja/mtype45.a(frame802154.o)
                0x0000000000024e85                frame802154_get_pan_id
                0x0000000000024e91                frame802154_set_pan_id
                0x0000000000024eab                frame802154_has_panid
                0x000000000002505a                frame802154_check_dest_panid
                0x00000000000250e2                frame802154_is_broadcast_addr
                0x000000000002512f                frame802154_extract_linkaddr
                0x0000000000025394                frame802154_hdrlen
                0x0000000000025407                frame802154_create_fcf
                0x00000000000254bf                frame802154_create
                0x0000000000025634                frame802154_parse_fcf
                0x0000000000025716                frame802154_parse
 .text          0x00000000000259c3       0x2d build/cooja/mtype45.a(csma-security.o)
                0x00000000000259c3                csma_security_create_frame
                0x00000000000259e1                csma_security_parse_frame
 .text          0x00000000000259f0      0x4e4 build/cooja/mtype45.a(uipbuf.o)
                0x00000000000259f0                uipbuf_clear
                0x0000000000025a17                uipbuf_add_ext_hdr
                0x0000000000025a97                uipbuf_set_len
                0x0000000000025ac4                uipbuf_set_len_field
                0x0000000000025af0                uipbuf_get_len_field
                0x0000000000025b10                uipbuf_get_next_header
                0x0000000000025c42                uipbuf_get_last_header
                0x0000000000025cbb                uipbuf_search_header
                0x0000000000025d71                uipbuf_get_attr
                0x0000000000025d98                uipbuf_set_attr
                0x0000000000025dcf                uipbuf_set_default_attr
                0x0000000000025e06                uipbuf_clear_attr
                0x0000000000025e2a                uipbuf_set_attr_flag
                0x0000000000025e4b                uipbuf_clr_attr_flag
                0x0000000000025e72                uipbuf_is_attr_flag
                0x0000000000025e96                uipbuf_init
 .text          0x0000000000025ed4      0x73f build/cooja/mtype45.a(uip-icmp6.o)
                0x0000000000025f49                uip_icmp6_input
                0x0000000000025fa0                uip_icmp6_register_input_handler
                0x00000000000260f3                uip_icmp6_error_output
                0x00000000000263a4                uip_icmp6_send
                0x000000000002659b                uip_icmp6_echo_reply_callback_add
                0x00000000000265cd                uip_icmp6_echo_reply_callback_rm
                0x00000000000265ea                uip_icmp6_init
 .text          0x0000000000026613      0x69b build/cooja/mtype45.a(uip-sr.o)
                0x0000000000026613                uip_sr_num_nodes
                0x00000000000266a1                uip_sr_get_node
                0x00000000000266f8                uip_sr_is_addr_reachable
                0x00000000000267a6                uip_sr_expire_parent
                0x00000000000267ef                uip_sr_update_node
                0x000000000002691f                uip_sr_init
                0x0000000000026953                uip_sr_node_head
                0x000000000002696c                uip_sr_node_next
                0x0000000000026982                uip_sr_periodic
                0x0000000000026a88                uip_sr_free_all
                0x0000000000026af8                uip_sr_link_snprint
 .text          0x0000000000026cae      0x146 build/cooja/mtype45.a(uip-packetqueue)
                0x0000000000026cdc                uip_packetqueue_new
                0x0000000000026ceb                uip_packetqueue_alloc
                0x0000000000026d46                uip_packetqueue_free
                0x0000000000026d8d                uip_packetqueue_buf
                0x0000000000026daa                uip_packetqueue_buflen
                0x0000000000026dcb                uip_packetqueue_set_buflen
 .text          0x0000000000026df4      0x1b0 build/cooja/mtype45.a(rpl-nbr-policy.)
                0x0000000000026f61                rpl_nbr_policy_find_removable
 .text          0x0000000000026fa4      0x915 build/cooja/mtype45.a(rpl-neighbor.o)
                0x0000000000027020                rpl_neighbor_snprint
                0x00000000000272d3                rpl_neighbor_print_list
                0x0000000000027388                rpl_neighbor_count
                0x000000000002742f                rpl_neighbor_get_from_lladdr
                0x000000000002744b                rpl_neighbor_is_acceptable_parent
                0x000000000002747f                rpl_neighbor_get_link_metric
                0x00000000000274b3                rpl_neighbor_rank_via_nbr
                0x00000000000274e7                rpl_neighbor_get_lladdr
                0x0000000000027503                rpl_neighbor_get_ipaddr
                0x000000000002752a                rpl_neighbor_get_link_stats
                0x0000000000027551                rpl_neighbor_is_fresh
                0x0000000000027578                rpl_neighbor_is_reachable
                0x00000000000275c3                rpl_neighbor_is_parent
                0x00000000000275ed                rpl_neighbor_set_preferred_parent
                0x0000000000027684                rpl_neighbor_remove_all
                0x00000000000276e0                rpl_neighbor_get_from_ipaddr
                0x00000000000277ee                rpl_neighbor_select_best
                0x000000000002789a                rpl_neighbor_init
 .text          0x00000000000278b9      0xe69 build/cooja/mtype45.a(rpl-dag.o)
                0x00000000000278b9                rpl_dag_state_to_str
                0x00000000000278f8                rpl_dag_get_root_ipaddr
                0x0000000000027940                rpl_dag_leave
                0x00000000000279c9                rpl_dag_poison_and_leave
                0x00000000000279e1                rpl_dag_periodic
                0x0000000000027a69                rpl_is_addr_in_our_dag
                0x0000000000027aad                rpl_get_default_instance
                0x0000000000027ac9                rpl_get_any_dag
                0x0000000000027b22                rpl_refresh_routes
                0x0000000000027b62                rpl_global_repair
                0x0000000000027bfb                rpl_local_repair
                0x0000000000027c45                rpl_dag_ready_to_advertise
                0x0000000000027c88                rpl_dag_update_state
                0x00000000000283b5                rpl_process_dio
                0x0000000000028433                rpl_process_dis
                0x0000000000028478                rpl_process_dao
                0x0000000000028507                rpl_process_dao_ack
                0x000000000002859e                rpl_process_hbh
                0x00000000000285ee                rpl_dag_init_root
                0x0000000000028702                rpl_dag_init
 .text          0x0000000000028722      0x9e7 build/cooja/mtype45.a(rpl-timers.o)
                0x0000000000028722                rpl_timers_schedule_periodic_dis
                0x0000000000028870                rpl_timers_dio_reset
                0x000000000002897e                rpl_timers_schedule_unicast_dio
                0x0000000000028ad2                rpl_timers_schedule_dao
                0x0000000000028b91                rpl_timers_schedule_dao_ack
                0x0000000000028c17                rpl_timers_notify_dao_ack
                0x0000000000028c75                get_probing_delay
                0x0000000000028ca9                get_probing_target
                0x0000000000028e93                rpl_schedule_probing
                0x0000000000028ec1                rpl_schedule_probing_now
                0x0000000000028f2b                rpl_timers_unschedule_leaving
                0x0000000000028f63                rpl_timers_schedule_leaving
                0x0000000000028fa4                rpl_timers_init
                0x0000000000029034                rpl_timers_stop_dag_timers
                0x00000000000290ad                rpl_timers_unschedule_state_update
                0x00000000000290d1                rpl_timers_schedule_state_update
 .text          0x0000000000029109      0xb8e build/cooja/mtype45.a(rpl-ext-header.)
                0x0000000000029109                rpl_ext_header_srh_get_next_hop
                0x00000000000291f0                rpl_ext_header_srh_update
                0x000000000002975c                rpl_ext_header_hbh_update
                0x0000000000029a5c                rpl_ext_header_update
                0x0000000000029ae5                rpl_ext_header_remove
 .text          0x0000000000029c97      0x31b build/cooja/mtype45.a(rpl-mrhof.o)
 *fill*         0x0000000000029fb2        0xe 
 .text          0x0000000000029fc0      0x122 /usr/lib/gcc/i686-linux-gnu/5/libgcc.a(_udivdi3.o)
                0x0000000000029fc0                __udivdi3
 .text          0x000000000002a0e2        0x0 /usr/lib/gcc/i686-linux-gnu/5/crtendS.o
 .text          0x000000000002a0e2        0x0 /usr/lib/gcc/i686-linux-gnu/5/../../../i386-linux-gnu/crtn.o
 *(.gnu.warning)

.fini           0x000000000002a0e4       0x14
 *(SORT(.fini))
 .fini          0x000000000002a0e4        0xf /usr/lib/gcc/i686-linux-gnu/5/../../../i386-linux-gnu/crti.o
                0x000000000002a0e4                _fini
 .fini          0x000000000002a0f3        0x5 /usr/lib/gcc/i686-linux-gnu/5/../../../i386-linux-gnu/crtn.o
                [!provide]                        PROVIDE (__etext, .)
                [!provide]                        PROVIDE (_etext, .)
                [!provide]                        PROVIDE (etext, .)

.rodata         0x000000000002a100      0xc4b
 *(.rodata .rodata.* .gnu.linkonce.r.*)
 .rodata        0x000000000002a100       0x92 air_node.o
                0x000000000002a10c                autostart_processes
 *fill*         0x000000000002a192        0x2 
 .rodata        0x000000000002a194        0x8 build/cooja/mtype45.a(beep.o)
                0x000000000002a194                beep_interface
 .rodata        0x000000000002a19c        0xe build/cooja/mtype45.a(leds-arch.o)
                0x000000000002a19c                leds_interface
                0x000000000002a1a4                leds_arch_leds
 *fill*         0x000000000002a1aa        0x2 
 .rodata        0x000000000002a1ac        0x8 build/cooja/mtype45.a(moteid.o)
                0x000000000002a1ac                moteid_interface
 .rodata        0x000000000002a1b4       0x1c build/cooja/mtype45.a(pir-sensor.o)
                0x000000000002a1b4                pir_interface
                0x000000000002a1c0                pir_sensor
 .rodata        0x000000000002a1d0        0xe build/cooja/mtype45.a(rs232.o)
                0x000000000002a1d0                rs232_interface
 *fill*         0x000000000002a1de        0x2 
 .rodata        0x000000000002a1e0       0x24 build/cooja/mtype45.a(vib-sensor.o)
                0x000000000002a1e0                vib_interface
                0x000000000002a1f4                vib_sensor
 .rodata        0x000000000002a204        0x8 build/cooja/mtype45.a(clock.o)
                0x000000000002a204                clock_interface
 .rodata        0x000000000002a20c        0x8 build/cooja/mtype45.a(cooja-log.o)
                0x000000000002a20c                simlog_interface
 .rodata        0x000000000002a214       0x2f build/cooja/mtype45.a(cfs-cooja.o)
                0x000000000002a214                cfs_interface
 *fill*         0x000000000002a243       0x1d 
 .rodata        0x000000000002a260       0xb8 build/cooja/mtype45.a(cooja-radio.o)
                0x000000000002a260                radio_interface
                0x000000000002a2e0                cooja_radio_driver
 .rodata        0x000000000002a318        0x8 build/cooja/mtype45.a(eeprom.o)
                0x000000000002a318                eeprom_interface
 .rodata        0x000000000002a320        0x8 build/cooja/mtype45.a(sensors.o)
 .rodata        0x000000000002a328       0x2c build/cooja/mtype45.a(buttons.o)
                0x000000000002a328                button_interface
                0x000000000002a33c                button_hal_button_count
                0x000000000002a344                button_sensor
 .rodata        0x000000000002a354      0x101 build/cooja/mtype45.a(res_purifier.o)
 *fill*         0x000000000002a455        0x3 
 .rodata        0x000000000002a458      0x138 build/cooja/mtype45.a(res_air.o)
 .rodata        0x000000000002a590       0x41 build/cooja/mtype45.a(coap-engine.o)
 .rodata        0x000000000002a5d1       0x19 build/cooja/mtype45.a(coap-res-well-k)
 .rodata        0x000000000002a5ea       0x11 build/cooja/mtype45.a(coap-observe.o)
 .rodata        0x000000000002a5fb       0x35 build/cooja/mtype45.a(coap-uip.o)
 .rodata        0x000000000002a630      0x1ac build/cooja/mtype45.a(coap.o)
 .rodata        0x000000000002a7dc       0xf8 build/cooja/mtype45.a(contiki-main.o)
 .rodata        0x000000000002a8d4        0xf build/cooja/mtype45.a(ctimer.o)
 *fill*         0x000000000002a8e3        0x1 
 .rodata        0x000000000002a8e4       0xc4 build/cooja/mtype45.a(log.o)
 .rodata        0x000000000002a9a8        0xc build/cooja/mtype45.a(etimer.o)
 .rodata        0x000000000002a9b4       0x13 build/cooja/mtype45.a(button-hal.o)
 .rodata        0x000000000002a9c7        0xe build/cooja/mtype45.a(serial-line.o)
 *fill*         0x000000000002a9d5        0x3 
 .rodata        0x000000000002a9d8        0x8 build/cooja/mtype45.a(linkaddr.o)
                0x000000000002a9d8                linkaddr_null
 .rodata        0x000000000002a9e0       0x24 build/cooja/mtype45.a(csma.o)
                0x000000000002a9e8                csma_driver
 .rodata        0x000000000002aa04       0x2a build/cooja/mtype45.a(csma-output.o)
 *fill*         0x000000000002aa2e        0x2 
 .rodata        0x000000000002aa30       0x4d build/cooja/mtype45.a(uip-ds6-route.o)
 .rodata        0x000000000002aa7d        0xd build/cooja/mtype45.a(tcpip.o)
 *fill*         0x000000000002aa8a        0x2 
 .rodata        0x000000000002aa8c       0x30 build/cooja/mtype45.a(sicslowpan.o)
                0x000000000002aa8c                unc_llconf
                0x000000000002aa90                unc_ctxconf
                0x000000000002aa94                unc_mxconf
                0x000000000002aa98                llprefix
                0x000000000002aaac                sicslowpan_driver
 .rodata        0x000000000002aabc       0x2d build/cooja/mtype45.a(uiplib.o)
 *fill*         0x000000000002aae9       0x17 
 .rodata        0x000000000002ab00       0x74 build/cooja/mtype45.a(rpl.o)
                0x000000000002ab20                rpl_lite_driver
 .rodata        0x000000000002ab74       0x20 build/cooja/mtype45.a(coap-timer-defa)
                0x000000000002ab88                coap_timer_default_driver
 .rodata        0x000000000002ab94       0x25 build/cooja/mtype45.a(assert.o)
 *fill*         0x000000000002abb9        0x3 
 .rodata        0x000000000002abbc        0xc build/cooja/mtype45.a(framer-802154.o)
                0x000000000002abbc                framer_802154
 .rodata        0x000000000002abc8       0x44 build/cooja/mtype45.a(uip-sr.o)
 .rodata        0x000000000002ac0c       0x58 build/cooja/mtype45.a(rpl-neighbor.o)
 .rodata        0x000000000002ac64       0xdb build/cooja/mtype45.a(rpl-dag.o)
 .rodata        0x000000000002ad3f        0xc build/cooja/mtype45.a(rpl-timers.o)

.rodata1
 *(.rodata1)

.eh_frame_hdr   0x000000000002ad4c     0x19e4
 *(.eh_frame_hdr)
 .eh_frame_hdr  0x000000000002ad4c     0x19e4 air_node.o
                0x000000000002ad4c                __GNU_EH_FRAME_HDR
 *(.eh_frame_entry .eh_frame_entry.*)

.eh_frame       0x000000000002c730     0x6908
 *(.eh_frame)
 .eh_frame      0x000000000002c730       0x3c /usr/lib/gcc/i686-linux-gnu/5/../../../i386-linux-gnu/crti.o
                                         0x40 (size before relaxing)
 .eh_frame      0x000000000002c76c       0x40 air_node.o
                                         0x58 (size before relaxing)
 .eh_frame      0x000000000002c7ac      0x178 build/cooja/mtype45.o
                                        0x190 (size before relaxing)
 .eh_frame      0x000000000002c924       0x40 build/cooja/mtype45.a(simEnvChange.o)
                                         0x58 (size before relaxing)
 .eh_frame      0x000000000002c964       0x60 build/cooja/mtype45.a(cooja_mt.o)
                                         0x78 (size before relaxing)
 .eh_frame      0x000000000002c9c4       0x80 build/cooja/mtype45.a(cooja_mtarch.o)
                                         0x98 (size before relaxing)
 .eh_frame      0x000000000002ca44       0xc8 build/cooja/mtype45.a(rtimer-arch.o)
                                         0xe0 (size before relaxing)
 .eh_frame      0x000000000002cb0c      0x160 build/cooja/mtype45.a(beep.o)
                                        0x178 (size before relaxing)
 .eh_frame      0x000000000002cc6c       0x80 build/cooja/mtype45.a(leds-arch.o)
                                         0x98 (size before relaxing)
 .eh_frame      0x000000000002ccec       0x40 build/cooja/mtype45.a(moteid.o)
                                         0x58 (size before relaxing)
 .eh_frame      0x000000000002cd2c       0xa0 build/cooja/mtype45.a(pir-sensor.o)
                                         0xb8 (size before relaxing)
 .eh_frame      0x000000000002cdcc      0x100 build/cooja/mtype45.a(rs232.o)
                                        0x118 (size before relaxing)
 .eh_frame      0x000000000002cecc       0xa0 build/cooja/mtype45.a(vib-sensor.o)
                                         0xb8 (size before relaxing)
 .eh_frame      0x000000000002cf6c       0xc0 build/cooja/mtype45.a(clock.o)
                                         0xd8 (size before relaxing)
 .eh_frame      0x000000000002d02c      0x120 build/cooja/mtype45.a(cooja-log.o)
                                        0x138 (size before relaxing)
 .eh_frame      0x000000000002d14c      0x160 build/cooja/mtype45.a(cfs-cooja.o)
                                        0x178 (size before relaxing)
 .eh_frame      0x000000000002d2ac      0x340 build/cooja/mtype45.a(cooja-radio.o)
                                        0x358 (size before relaxing)
 .eh_frame      0x000000000002d5ec       0xa0 build/cooja/mtype45.a(eeprom.o)
                                         0xb8 (size before relaxing)
 .eh_frame      0x000000000002d68c       0x40 build/cooja/mtype45.a(random.o)
                                         0x58 (size before relaxing)
 .eh_frame      0x000000000002d6cc       0xc0 build/cooja/mtype45.a(sensors.o)
                                         0xd8 (size before relaxing)
 .eh_frame      0x000000000002d78c      0x120 build/cooja/mtype45.a(leds.o)
                                        0x138 (size before relaxing)
 .eh_frame      0x000000000002d8ac      0x220 build/cooja/mtype45.a(gpio-hal-arch.o)
                                        0x238 (size before relaxing)
 .eh_frame      0x000000000002dacc       0xa0 build/cooja/mtype45.a(buttons.o)
                                         0xb8 (size before relaxing)
 .eh_frame      0x000000000002db6c       0x40 build/cooja/mtype45.a(res_purifier.o)
                                         0x58 (size before relaxing)
 .eh_frame      0x000000000002dbac       0x40 build/cooja/mtype45.a(res_air.o)
                                         0x58 (size before relaxing)
 .eh_frame      0x000000000002dbec       0x44 build/cooja/mtype45.a(coap-blocking-a)
                                         0x5c (size before relaxing)
 .eh_frame      0x000000000002dc30      0x220 build/cooja/mtype45.a(coap-engine.o)
                                        0x238 (size before relaxing)
 .eh_frame      0x000000000002de50       0x24 build/cooja/mtype45.a(coap-res-well-k)
                                         0x3c (size before relaxing)
 .eh_frame      0x000000000002de74      0x188 build/cooja/mtype45.a(coap-observe.o)
                                        0x1a0 (size before relaxing)
 .eh_frame      0x000000000002dffc      0x250 build/cooja/mtype45.a(coap-uip.o)
                                        0x268 (size before relaxing)
 .eh_frame      0x000000000002e24c      0x114 build/cooja/mtype45.a(coap-timer.o)
                                        0x12c (size before relaxing)
 .eh_frame      0x000000000002e360      0x100 build/cooja/mtype45.a(coap-transactio)
                                        0x118 (size before relaxing)
 .eh_frame      0x000000000002e460      0x6ec build/cooja/mtype45.a(coap.o)
                                        0x704 (size before relaxing)
 .eh_frame      0x000000000002eb4c       0x30 build/cooja/mtype45.a(contiki-main.o)
                                         0x48 (size before relaxing)
 .eh_frame      0x000000000002eb7c       0x40 build/cooja/mtype45.a(autostart.o)
                                         0x58 (size before relaxing)
 .eh_frame      0x000000000002ebbc      0x100 build/cooja/mtype45.a(ctimer.o)
                                        0x118 (size before relaxing)
 .eh_frame      0x000000000002ecbc      0x100 build/cooja/mtype45.a(log.o)
                                        0x118 (size before relaxing)
 .eh_frame      0x000000000002edbc       0x60 build/cooja/mtype45.a(energest.o)
                                         0x78 (size before relaxing)
 .eh_frame      0x000000000002ee1c      0x1e0 build/cooja/mtype45.a(etimer.o)
                                        0x1f8 (size before relaxing)
 .eh_frame      0x000000000002effc       0x20 build/cooja/mtype45.a(node-id.o)
                                         0x38 (size before relaxing)
 .eh_frame      0x000000000002f01c       0x60 build/cooja/mtype45.a(rtimer.o)
                                         0x78 (size before relaxing)
 .eh_frame      0x000000000002f07c      0x1c4 build/cooja/mtype45.a(process.o)
                                        0x1dc (size before relaxing)
 .eh_frame      0x000000000002f240       0xa4 build/cooja/mtype45.a(timer.o)
                                         0xbc (size before relaxing)
 .eh_frame      0x000000000002f2e4      0x1a0 build/cooja/mtype45.a(list.o)
                                        0x1b8 (size before relaxing)
 .eh_frame      0x000000000002f484       0xa0 build/cooja/mtype45.a(memb.o)
                                         0xb8 (size before relaxing)
 .eh_frame      0x000000000002f524      0x144 build/cooja/mtype45.a(button-hal.o)
                                        0x15c (size before relaxing)
 .eh_frame      0x000000000002f668       0x60 build/cooja/mtype45.a(serial-line.o)
                                         0x78 (size before relaxing)
 .eh_frame      0x000000000002f6c8       0xe0 build/cooja/mtype45.a(gpio-hal.o)
                                         0xf8 (size before relaxing)
 .eh_frame      0x000000000002f7a8      0x1a0 build/cooja/mtype45.a(queuebuf.o)
                                        0x1b8 (size before relaxing)
 .eh_frame      0x000000000002f948      0x28c build/cooja/mtype45.a(packetbuf.o)
                                        0x2a4 (size before relaxing)
 .eh_frame      0x000000000002fbd4       0x80 build/cooja/mtype45.a(netstack.o)
                                         0x98 (size before relaxing)
 .eh_frame      0x000000000002fc54       0x60 build/cooja/mtype45.a(linkaddr.o)
                                         0x78 (size before relaxing)
 .eh_frame      0x000000000002fcb4       0xe0 build/cooja/mtype45.a(csma.o)
                                         0xf8 (size before relaxing)
 .eh_frame      0x000000000002fd94      0x1d0 build/cooja/mtype45.a(csma-output.o)
                                        0x1e8 (size before relaxing)
 .eh_frame      0x000000000002ff64      0x328 build/cooja/mtype45.a(uip-ds6.o)
                                        0x340 (size before relaxing)
 .eh_frame      0x000000000003028c       0x40 build/cooja/mtype45.a(uip-udp-packet.)
                                         0x58 (size before relaxing)
 .eh_frame      0x00000000000302cc      0x220 build/cooja/mtype45.a(uip-ds6-route.o)
                                        0x238 (size before relaxing)
 .eh_frame      0x00000000000304ec      0x244 build/cooja/mtype45.a(tcpip.o)
                                        0x25c (size before relaxing)
 .eh_frame      0x0000000000030730      0x1e8 build/cooja/mtype45.a(uip6.o)
                                        0x200 (size before relaxing)
 .eh_frame      0x0000000000030918      0x1c0 build/cooja/mtype45.a(uip-ds6-nbr.o)
                                        0x1d8 (size before relaxing)
 .eh_frame      0x0000000000030ad8       0x84 build/cooja/mtype45.a(uip-nd6.o)
                                         0x9c (size before relaxing)
 .eh_frame      0x0000000000030b5c      0x2f8 build/cooja/mtype45.a(sicslowpan.o)
                                        0x310 (size before relaxing)
 .eh_frame      0x0000000000030e54       0x88 build/cooja/mtype45.a(uiplib.o)
                                         0xa0 (size before relaxing)
 .eh_frame      0x0000000000030edc      0x1e0 build/cooja/mtype45.a(rpl.o)
                                        0x1f8 (size before relaxing)
 .eh_frame      0x00000000000310bc      0x1c4 build/cooja/mtype45.a(rpl-icmp6.o)
                                        0x1dc (size before relaxing)
 .eh_frame      0x0000000000031280       0xa0 build/cooja/mtype45.a(rpl-dag-root.o)
                                         0xb8 (size before relaxing)
 .eh_frame      0x0000000000031320       0xa0 build/cooja/mtype45.a(watchdog.o)
                                         0xb8 (size before relaxing)
 .eh_frame      0x00000000000313c0       0x80 build/cooja/mtype45.a(int-master.o)
                                         0x98 (size before relaxing)
 .eh_frame      0x0000000000031440       0xa4 build/cooja/mtype45.a(coap-timer-defa)
                                         0xbc (size before relaxing)
 .eh_frame      0x00000000000314e4       0xc4 build/cooja/mtype45.a(stimer.o)
                                         0xdc (size before relaxing)
 .eh_frame      0x00000000000315a8       0xa0 build/cooja/mtype45.a(ringbuf.o)
                                         0xb8 (size before relaxing)
 .eh_frame      0x0000000000031648       0x20 build/cooja/mtype45.a(assert.o)
                                         0x38 (size before relaxing)
 .eh_frame      0x0000000000031668      0x2ac build/cooja/mtype45.a(nbr-table.o)
                                        0x2c4 (size before relaxing)
 .eh_frame      0x0000000000031914      0x120 build/cooja/mtype45.a(link-stats.o)
                                        0x138 (size before relaxing)
 .eh_frame      0x0000000000031a34       0x48 build/cooja/mtype45.a(mac-sequence.o)
                                         0x60 (size before relaxing)
 .eh_frame      0x0000000000031a7c       0x20 build/cooja/mtype45.a(mac.o)
                                         0x38 (size before relaxing)
 .eh_frame      0x0000000000031a9c       0xa4 build/cooja/mtype45.a(framer-802154.o)
                                         0xbc (size before relaxing)
 .eh_frame      0x0000000000031b40      0x1a4 build/cooja/mtype45.a(frame802154.o)
                                        0x1bc (size before relaxing)
 .eh_frame      0x0000000000031ce4       0x40 build/cooja/mtype45.a(csma-security.o)
                                         0x58 (size before relaxing)
 .eh_frame      0x0000000000031d24      0x200 build/cooja/mtype45.a(uipbuf.o)
                                        0x218 (size before relaxing)
 .eh_frame      0x0000000000031f24      0x150 build/cooja/mtype45.a(uip-icmp6.o)
                                        0x168 (size before relaxing)
 .eh_frame      0x0000000000032074      0x184 build/cooja/mtype45.a(uip-sr.o)
                                        0x19c (size before relaxing)
 .eh_frame      0x00000000000321f8       0xe0 build/cooja/mtype45.a(uip-packetqueue)
                                         0xf8 (size before relaxing)
 .eh_frame      0x00000000000322d8       0x80 build/cooja/mtype45.a(rpl-nbr-policy.)
                                         0x98 (size before relaxing)
 .eh_frame      0x0000000000032358      0x2d4 build/cooja/mtype45.a(rpl-neighbor.o)
                                        0x2ec (size before relaxing)
 .eh_frame      0x000000000003262c      0x370 build/cooja/mtype45.a(rpl-dag.o)
                                        0x388 (size before relaxing)
 .eh_frame      0x000000000003299c      0x3a8 build/cooja/mtype45.a(rpl-timers.o)
                                        0x3c0 (size before relaxing)
 .eh_frame      0x0000000000032d44      0x124 build/cooja/mtype45.a(rpl-ext-header.)
                                        0x13c (size before relaxing)
 .eh_frame      0x0000000000032e68      0x148 build/cooja/mtype45.a(rpl-mrhof.o)
                                        0x160 (size before relaxing)
 .eh_frame      0x0000000000032fb0       0x84 /usr/lib/gcc/i686-linux-gnu/5/libgcc.a(_udivdi3.o)
                                         0x9c (size before relaxing)
 .eh_frame      0x0000000000033034        0x4 /usr/lib/gcc/i686-linux-gnu/5/crtendS.o
 *(.eh_frame.*)

.gcc_except_table
 *(.gcc_except_table .gcc_except_table.*)

.gnu_extab
 *(.gnu_extab*)

.exception_ranges
 *(.exception_ranges .exception_ranges*)
                0x0000000000034f10                . = DATA_SEGMENT_ALIGN (0x1000, 0x1000)

.eh_frame
 *(.eh_frame)
 *(.eh_frame.*)

.gnu_extab
 *(.gnu_extab)

.gcc_except_table
 *(.gcc_except_table .gcc_except_table.*)

.exception_ranges
 *(.exception_ranges .exception_ranges*)

.tdata
 *(.tdata .tdata.* .gnu.linkonce.td.*)

.tbss
 *(.tbss .tbss.* .gnu.linkonce.tb.*)
 *(.tcommon)

.preinit_array
 *(.preinit_array)

.init_array     0x0000000000034f10        0x4
 *(SORT(.init_array.*) SORT(.ctors.*))
 *(.init_array EXCLUDE_FILE(*crtend?.o *crtend.o *crtbegin?.o *crtbegin.o) .ctors)
 .init_array    0x0000000000034f10        0x4 /usr/lib/gcc/i686-linux-gnu/5/crtbeginS.o

.fini_array     0x0000000000034f14        0x4
 *(SORT(.fini_array.*) SORT(.dtors.*))
 *(.fini_array EXCLUDE_FILE(*crtend?.o *crtend.o *crtbegin?.o *crtbegin.o) .dtors)
 .fini_array    0x0000000000034f14        0x4 /usr/lib/gcc/i686-linux-gnu/5/crtbeginS.o

.ctors
 *crtbegin.o(.ctors)
 *crtbegin?.o(.ctors)
 *(EXCLUDE_FILE(*crtend?.o *crtend.o) .ctors)
 *(SORT(.ctors.*))
 *(.ctors)

.dtors
 *crtbegin.o(.dtors)
 *crtbegin?.o(.dtors)
 *(EXCLUDE_FILE(*crtend?.o *crtend.o) .dtors)
 *(SORT(.dtors.*))
 *(.dtors)

.jcr            0x0000000000034f18        0x4
 *(.jcr)
 .jcr           0x0000000000034f18        0x0 /usr/lib/gcc/i686-linux-gnu/5/crtbeginS.o
 .jcr           0x0000000000034f18        0x4 /usr/lib/gcc/i686-linux-gnu/5/crtendS.o

.data.rel.ro
 *(.data.rel.ro.local* .gnu.linkonce.d.rel.ro.local.*)
 *(.data.rel.ro .data.rel.ro.* .gnu.linkonce.d.rel.ro.*)

.dynamic        0x0000000000034f1c       0xd0
 *(.dynamic)
 .dynamic       0x0000000000034f1c       0xd0 /usr/lib/gcc/i686-linux-gnu/5/../../../i386-linux-gnu/crti.o
                0x0000000000034f1c                _DYNAMIC

.got            0x0000000000034fec       0x14
 *(.got)
 .got           0x0000000000034fec       0x14 /usr/lib/gcc/i686-linux-gnu/5/../../../i386-linux-gnu/crti.o
 *(.igot)
                0x0000000000035ff4                . = DATA_SEGMENT_RELRO_END (., (SIZEOF (.got.plt) >= 0xc)?0xc:0x0)

.got.plt        0x0000000000035000        0xc
 *(.got.plt)
 .got.plt       0x0000000000035000        0xc /usr/lib/gcc/i686-linux-gnu/5/../../../i386-linux-gnu/crti.o
                0x0000000000035000                _GLOBAL_OFFSET_TABLE_
 *(.igot.plt)

.data           0x0000000000035020      0x4a4
 *(.data .data.* .gnu.linkonce.d.*)
 .data          0x0000000000035020        0x0 /usr/lib/gcc/i686-linux-gnu/5/../../../i386-linux-gnu/crti.o
 .data          0x0000000000035020        0x0 /usr/lib/gcc/i686-linux-gnu/5/crtbeginS.o
 .data.rel.local
                0x0000000000035020        0x4 /usr/lib/gcc/i686-linux-gnu/5/crtbeginS.o
                0x0000000000035020                __dso_handle
 .data          0x0000000000035024       0x10 air_node.o
                0x0000000000035024                air_process
 *fill*         0x0000000000035034        0xc 
 .data          0x0000000000035040       0x44 build/cooja/mtype45.o
                0x0000000000035040                simInterfaces
                0x0000000000035074                sensors
 .data          0x0000000000035084        0x0 build/cooja/mtype45.a(simEnvChange.o)
 .data          0x0000000000035084        0x0 build/cooja/mtype45.a(cooja_mt.o)
 .data          0x0000000000035084        0x0 build/cooja/mtype45.a(cooja_mtarch.o)
 .data          0x0000000000035084        0x0 build/cooja/mtype45.a(rtimer-arch.o)
 .data          0x0000000000035084        0x0 build/cooja/mtype45.a(beep.o)
 .data          0x0000000000035084        0x0 build/cooja/mtype45.a(leds-arch.o)
 .data          0x0000000000035084        0x0 build/cooja/mtype45.a(moteid.o)
 .data          0x0000000000035084        0x0 build/cooja/mtype45.a(pir-sensor.o)
 .data          0x0000000000035084        0x0 build/cooja/mtype45.a(rs232.o)
 .data          0x0000000000035084        0x0 build/cooja/mtype45.a(vib-sensor.o)
 .data          0x0000000000035084        0x0 build/cooja/mtype45.a(clock.o)
 .data          0x0000000000035084        0x0 build/cooja/mtype45.a(cooja-log.o)
 .data          0x0000000000035084        0x0 build/cooja/mtype45.a(cfs-cooja.o)
 .data          0x0000000000035084       0x2c build/cooja/mtype45.a(cooja-radio.o)
                0x0000000000035084                simRadioHWOn
                0x0000000000035088                simSignalStrength
                0x000000000003508c                simLastSignalStrength
                0x0000000000035090                simPower
                0x0000000000035094                simRadioChannel
                0x0000000000035098                simLQI
                0x00000000000350a0                cooja_radio_process
 .data          0x00000000000350b0        0x0 build/cooja/mtype45.a(eeprom.o)
 .data          0x00000000000350b0        0x0 build/cooja/mtype45.a(random.o)
 .data          0x00000000000350b0       0x10 build/cooja/mtype45.a(sensors.o)
                0x00000000000350b0                sensors_process
 .data          0x00000000000350c0        0x0 build/cooja/mtype45.a(leds.o)
 .data          0x00000000000350c0        0x0 build/cooja/mtype45.a(gpio-hal-arch.o)
 .data          0x00000000000350c0       0x78 build/cooja/mtype45.a(buttons.o)
                0x00000000000350c0                simButtonIsActive
                0x0000000000035130                button_hal_buttons
 *fill*         0x0000000000035138        0x8 
 .data          0x0000000000035140       0x24 build/cooja/mtype45.a(res_purifier.o)
                0x0000000000035140                res_purifier
 *fill*         0x0000000000035164       0x1c 
 .data          0x0000000000035180       0x44 build/cooja/mtype45.a(res_air.o)
                0x0000000000035180                carbon_dioxide_level
                0x00000000000351a0                res_air
 .data          0x00000000000351c4        0x0 build/cooja/mtype45.a(coap-blocking-a)
 .data          0x00000000000351c4        0x8 build/cooja/mtype45.a(coap-engine.o)
 *fill*         0x00000000000351cc       0x14 
 .data          0x00000000000351e0       0x24 build/cooja/mtype45.a(coap-res-well-k)
                0x00000000000351e0                res_well_known_core
 .data          0x0000000000035204       0x10 build/cooja/mtype45.a(coap-observe.o)
 .data          0x0000000000035214       0x10 build/cooja/mtype45.a(coap-uip.o)
                0x0000000000035214                coap_engine
 .data          0x0000000000035224        0x4 build/cooja/mtype45.a(coap-timer.o)
 .data          0x0000000000035228       0x10 build/cooja/mtype45.a(coap-transactio)
 .data          0x0000000000035238        0x4 build/cooja/mtype45.a(coap.o)
                0x0000000000035238                coap_error_message
 .data          0x000000000003523c        0x0 build/cooja/mtype45.a(contiki-main.o)
 .data          0x000000000003523c        0x0 build/cooja/mtype45.a(autostart.o)
 .data          0x000000000003523c       0x14 build/cooja/mtype45.a(ctimer.o)
                0x0000000000035240                ctimer_process
 *fill*         0x0000000000035250       0x10 
 .data          0x0000000000035260       0xbc build/cooja/mtype45.a(log.o)
                0x0000000000035260                curr_log_level_main
                0x0000000000035280                all_modules
 .data          0x000000000003531c        0x0 build/cooja/mtype45.a(energest.o)
 .data          0x000000000003531c       0x10 build/cooja/mtype45.a(etimer.o)
                0x000000000003531c                etimer_process
 .data          0x000000000003532c        0x0 build/cooja/mtype45.a(node-id.o)
 .data          0x000000000003532c        0x0 build/cooja/mtype45.a(rtimer.o)
 .data          0x000000000003532c        0x0 build/cooja/mtype45.a(process.o)
 .data          0x000000000003532c        0x0 build/cooja/mtype45.a(timer.o)
 .data          0x000000000003532c        0x0 build/cooja/mtype45.a(list.o)
 .data          0x000000000003532c        0x0 build/cooja/mtype45.a(memb.o)
 .data          0x000000000003532c       0x10 build/cooja/mtype45.a(button-hal.o)
                0x000000000003532c                button_hal_process
 .data          0x000000000003533c       0x10 build/cooja/mtype45.a(serial-line.o)
                0x000000000003533c                serial_line_process
 .data          0x000000000003534c        0x4 build/cooja/mtype45.a(gpio-hal.o)
 .data          0x0000000000035350       0x18 build/cooja/mtype45.a(queuebuf.o)
 .data          0x0000000000035368        0x4 build/cooja/mtype45.a(packetbuf.o)
 .data          0x000000000003536c        0x4 build/cooja/mtype45.a(netstack.o)
 .data          0x0000000000035370        0x0 build/cooja/mtype45.a(linkaddr.o)
 .data          0x0000000000035370        0x0 build/cooja/mtype45.a(csma.o)
 .data          0x0000000000035370       0x28 build/cooja/mtype45.a(csma-output.o)
 .data          0x0000000000035398        0x0 build/cooja/mtype45.a(uip-ds6.o)
 .data          0x0000000000035398        0x0 build/cooja/mtype45.a(uip-udp-packet.)
 .data          0x0000000000035398       0x10 build/cooja/mtype45.a(uip-ds6-route.o)
 .data          0x00000000000353a8       0x10 build/cooja/mtype45.a(tcpip.o)
                0x00000000000353a8                tcpip_process
 .data          0x00000000000353b8        0x0 build/cooja/mtype45.a(uip6.o)
 .data          0x00000000000353b8       0x14 build/cooja/mtype45.a(uip-ds6-nbr.o)
 .data          0x00000000000353cc        0xc build/cooja/mtype45.a(uip-nd6.o)
 .data          0x00000000000353d8        0x0 build/cooja/mtype45.a(sicslowpan.o)
 .data          0x00000000000353d8        0x0 build/cooja/mtype45.a(uiplib.o)
 .data          0x00000000000353d8        0x0 build/cooja/mtype45.a(rpl.o)
 .data          0x00000000000353d8       0x30 build/cooja/mtype45.a(rpl-icmp6.o)
 .data          0x0000000000035408        0x0 build/cooja/mtype45.a(rpl-dag-root.o)
 .data          0x0000000000035408        0x0 build/cooja/mtype45.a(watchdog.o)
 .data          0x0000000000035408        0x0 build/cooja/mtype45.a(int-master.o)
 .data          0x0000000000035408       0x10 build/cooja/mtype45.a(coap-timer-defa)
                0x0000000000035408                coap_timer_process
 .data          0x0000000000035418        0x0 build/cooja/mtype45.a(stimer.o)
 .data          0x0000000000035418        0x0 build/cooja/mtype45.a(ringbuf.o)
 .data          0x0000000000035418        0x0 build/cooja/mtype45.a(assert.o)
 .data          0x0000000000035418       0x10 build/cooja/mtype45.a(nbr-table.o)
 .data          0x0000000000035428       0x14 build/cooja/mtype45.a(link-stats.o)
 .data          0x000000000003543c        0x0 build/cooja/mtype45.a(mac-sequence.o)
 .data          0x000000000003543c        0x0 build/cooja/mtype45.a(mac.o)
 .data          0x000000000003543c        0x0 build/cooja/mtype45.a(framer-802154.o)
 .data          0x000000000003543c        0x2 build/cooja/mtype45.a(frame802154.o)
 .data          0x000000000003543e        0x0 build/cooja/mtype45.a(csma-security.o)
 .data          0x000000000003543e        0x0 build/cooja/mtype45.a(uipbuf.o)
 *fill*         0x000000000003543e        0x2 
 .data          0x0000000000035440       0x20 build/cooja/mtype45.a(uip-icmp6.o)
 .data          0x0000000000035460       0x10 build/cooja/mtype45.a(uip-sr.o)
 .data          0x0000000000035470        0xc build/cooja/mtype45.a(uip-packetqueue)
 .data          0x000000000003547c        0x0 build/cooja/mtype45.a(rpl-nbr-policy.)
 .data          0x000000000003547c       0x14 build/cooja/mtype45.a(rpl-neighbor.o)
                0x000000000003548c                rpl_neighbors
 .data          0x0000000000035490        0x0 build/cooja/mtype45.a(rpl-dag.o)
 .data          0x0000000000035490        0x0 build/cooja/mtype45.a(rpl-timers.o)
 .data          0x0000000000035490        0x0 build/cooja/mtype45.a(rpl-ext-header.)
 *fill*         0x0000000000035490       0x10 
 .data          0x00000000000354a0       0x24 build/cooja/mtype45.a(rpl-mrhof.o)
                0x00000000000354a0                rpl_mrhof
 .data          0x00000000000354c4        0x0 /usr/lib/gcc/i686-linux-gnu/5/libgcc.a(_udivdi3.o)
 .data          0x00000000000354c4        0x0 /usr/lib/gcc/i686-linux-gnu/5/crtendS.o
 .data          0x00000000000354c4        0x0 /usr/lib/gcc/i686-linux-gnu/5/../../../i386-linux-gnu/crtn.o

.tm_clone_table
                0x00000000000354c4        0x0
 .tm_clone_table
                0x00000000000354c4        0x0 /usr/lib/gcc/i686-linux-gnu/5/crtbeginS.o
 .tm_clone_table
                0x00000000000354c4        0x0 /usr/lib/gcc/i686-linux-gnu/5/crtendS.o

.data1
 *(.data1)
                0x00000000000354c4                _edata = .
                [!provide]                        PROVIDE (edata, .)
                0x00000000000354c4                . = .
                0x00000000000354c4                __bss_start = .

.bss            0x00000000000354e0    0x13f64
 *(.dynbss)
 .dynbss        0x00000000000354e0        0x0 /usr/lib/gcc/i686-linux-gnu/5/../../../i386-linux-gnu/crti.o
 *(.bss .bss.* .gnu.linkonce.b.*)
 .bss           0x00000000000354e0        0x0 /usr/lib/gcc/i686-linux-gnu/5/../../../i386-linux-gnu/crti.o
 .bss           0x00000000000354e0        0x1 /usr/lib/gcc/i686-linux-gnu/5/crtbeginS.o
 *fill*         0x00000000000354e1       0x1f 
 .bss           0x0000000000035500      0x11c air_node.o
 *fill*         0x000000000003561c        0x4 
 .bss           0x0000000000035620     0x2030 build/cooja/mtype45.o
 .bss           0x0000000000037650        0x1 build/cooja/mtype45.a(simEnvChange.o)
                0x0000000000037650                simDontFallAsleep
 *fill*         0x0000000000037651        0x3 
 .bss           0x0000000000037654        0x4 build/cooja/mtype45.a(cooja_mt.o)
 .bss           0x0000000000037658        0x4 build/cooja/mtype45.a(cooja_mtarch.o)
 .bss           0x000000000003765c        0x0 build/cooja/mtype45.a(rtimer-arch.o)
 .bss           0x000000000003765c        0x0 build/cooja/mtype45.a(beep.o)
 .bss           0x000000000003765c        0x1 build/cooja/mtype45.a(leds-arch.o)
                0x000000000003765c                simLedsValue
 .bss           0x000000000003765d        0x0 build/cooja/mtype45.a(moteid.o)
 .bss           0x000000000003765d        0x1 build/cooja/mtype45.a(pir-sensor.o)
                0x000000000003765d                simPirValue
 *fill*         0x000000000003765e        0x2 
 .bss           0x0000000000037660        0x4 build/cooja/mtype45.a(rs232.o)
 .bss           0x0000000000037664        0x1 build/cooja/mtype45.a(vib-sensor.o)
                0x0000000000037664                simVibValue
 .bss           0x0000000000037665        0x0 build/cooja/mtype45.a(clock.o)
 *fill*         0x0000000000037665       0x1b 
 .bss           0x0000000000037680     0x2020 build/cooja/mtype45.a(cooja-log.o)
 .bss           0x00000000000396a0      0xfc0 build/cooja/mtype45.a(cfs-cooja.o)
                0x00000000000396a0                simCFSData
                0x000000000003a640                simCFSSize
                0x000000000003a644                simCFSChanged
                0x000000000003a648                simCFSRead
                0x000000000003a64c                simCFSWritten
 .bss           0x000000000003a660       0x24 build/cooja/mtype45.a(cooja-radio.o)
                0x000000000003a660                simReceiving
                0x000000000003a664                simInSize
                0x000000000003a668                simLastPacketTimestamp
                0x000000000003a670                simOutSize
 .bss           0x000000000003a684        0xc build/cooja/mtype45.a(eeprom.o)
                0x000000000003a684                simEEPROMChanged
                0x000000000003a688                simEEPROMRead
                0x000000000003a68c                simEEPROMWritten
 .bss           0x000000000003a690        0x0 build/cooja/mtype45.a(random.o)
 .bss           0x000000000003a690        0xc build/cooja/mtype45.a(sensors.o)
 .bss           0x000000000003a69c        0x0 build/cooja/mtype45.a(leds.o)
 .bss           0x000000000003a69c       0x24 build/cooja/mtype45.a(gpio-hal-arch.o)
 .bss           0x000000000003a6c0        0x0 build/cooja/mtype45.a(buttons.o)
 .bss           0x000000000003a6c0        0x1 build/cooja/mtype45.a(res_purifier.o)
                0x000000000003a6c0                purification_mode
 *fill*         0x000000000003a6c1        0x3 
 .bss           0x000000000003a6c4        0x8 build/cooja/mtype45.a(res_air.o)
                0x000000000003a6c4                alert_level
 .bss           0x000000000003a6cc        0x0 build/cooja/mtype45.a(coap-blocking-a)
 *fill*         0x000000000003a6cc       0x14 
 .bss           0x000000000003a6e0      0x190 build/cooja/mtype45.a(coap-engine.o)
 .bss           0x000000000003a870        0x0 build/cooja/mtype45.a(coap-res-well-k)
 *fill*         0x000000000003a870       0x10 
 .bss           0x000000000003a880      0x120 build/cooja/mtype45.a(coap-observe.o)
 .bss           0x000000000003a9a0       0x18 build/cooja/mtype45.a(coap-uip.o)
 .bss           0x000000000003a9b8        0x5 build/cooja/mtype45.a(coap-timer.o)
 *fill*         0x000000000003a9bd        0x3 
 .bss           0x000000000003a9c0      0x334 build/cooja/mtype45.a(coap-transactio)
 .bss           0x000000000003acf4        0x6 build/cooja/mtype45.a(coap.o)
                0x000000000003acf4                coap_status_code
 .bss           0x000000000003acfa        0x0 build/cooja/mtype45.a(contiki-main.o)
 .bss           0x000000000003acfa        0x0 build/cooja/mtype45.a(autostart.o)
 *fill*         0x000000000003acfa        0x2 
 .bss           0x000000000003acfc        0x5 build/cooja/mtype45.a(ctimer.o)
 *fill*         0x000000000003ad01        0x3 
 .bss           0x000000000003ad04       0x2c build/cooja/mtype45.a(log.o)
                0x000000000003ad04                curr_log_level_rpl
                0x000000000003ad08                curr_log_level_tcpip
                0x000000000003ad0c                curr_log_level_ipv6
                0x000000000003ad10                curr_log_level_6lowpan
                0x000000000003ad14                curr_log_level_nullnet
                0x000000000003ad18                curr_log_level_mac
                0x000000000003ad1c                curr_log_level_framer
                0x000000000003ad20                curr_log_level_6top
                0x000000000003ad24                curr_log_level_coap
                0x000000000003ad28                curr_log_level_snmp
                0x000000000003ad2c                curr_log_level_lwm2m
 .bss           0x000000000003ad30        0x0 build/cooja/mtype45.a(energest.o)
 .bss           0x000000000003ad30        0x8 build/cooja/mtype45.a(etimer.o)
 .bss           0x000000000003ad38        0x2 build/cooja/mtype45.a(node-id.o)
                0x000000000003ad38                node_id
 *fill*         0x000000000003ad3a        0x2 
 .bss           0x000000000003ad3c        0x4 build/cooja/mtype45.a(rtimer.o)
 .bss           0x000000000003ad40      0x1a1 build/cooja/mtype45.a(process.o)
                0x000000000003ad40                process_list
                0x000000000003ad44                process_current
 .bss           0x000000000003aee1        0x0 build/cooja/mtype45.a(timer.o)
 .bss           0x000000000003aee1        0x0 build/cooja/mtype45.a(list.o)
 .bss           0x000000000003aee1        0x0 build/cooja/mtype45.a(memb.o)
 *fill*         0x000000000003aee1        0x3 
 .bss           0x000000000003aee4       0x10 build/cooja/mtype45.a(button-hal.o)
 *fill*         0x000000000003aef4        0xc 
 .bss           0x000000000003af00      0x140 build/cooja/mtype45.a(serial-line.o)
 .bss           0x000000000003b040        0x4 build/cooja/mtype45.a(gpio-hal.o)
 *fill*         0x000000000003b044       0x1c 
 .bss           0x000000000003b060     0x2c80 build/cooja/mtype45.a(queuebuf.o)
 .bss           0x000000000003dce0       0xa0 build/cooja/mtype45.a(packetbuf.o)
 .bss           0x000000000003dd80        0x4 build/cooja/mtype45.a(netstack.o)
 .bss           0x000000000003dd84        0x0 build/cooja/mtype45.a(linkaddr.o)
 .bss           0x000000000003dd84        0x0 build/cooja/mtype45.a(csma.o)
 *fill*         0x000000000003dd84       0x1c 
 .bss           0x000000000003dda0      0x726 build/cooja/mtype45.a(csma-output.o)
 *fill*         0x000000000003e4c6        0x2 
 .bss           0x000000000003e4c8       0x30 build/cooja/mtype45.a(uip-ds6.o)
 .bss           0x000000000003e4f8        0x0 build/cooja/mtype45.a(uip-udp-packet.)
 *fill*         0x000000000003e4f8        0x8 
 .bss           0x000000000003e500       0x60 build/cooja/mtype45.a(uip-ds6-route.o)
 .bss           0x000000000003e560       0x10 build/cooja/mtype45.a(tcpip.o)
 .bss           0x000000000003e570        0x8 build/cooja/mtype45.a(uip6.o)
                0x000000000003e570                uip_ext_bitmap
                0x000000000003e572                uip_ext_len
                0x000000000003e574                uip_last_proto
 *fill*         0x000000000003e578        0x8 
 .bss           0x000000000003e580     0x1c20 build/cooja/mtype45.a(uip-ds6-nbr.o)
 .bss           0x00000000000401a0       0x10 build/cooja/mtype45.a(uip-nd6.o)
 *fill*         0x00000000000401b0       0x10 
 .bss           0x00000000000401c0      0x724 build/cooja/mtype45.a(sicslowpan.o)