Archive member included to satisfy reference by file (symbol)

build/cooja/mtype758.a(simEnvChange.o)
                              build/cooja/mtype758.o (simDontFallAsleep)
build/cooja/mtype758.a(cooja_mt.o)
                              build/cooja/mtype758.o (cooja_mt_start)
build/cooja/mtype758.a(cooja_mtarch.o)
                              build/cooja/mtype758.a(cooja_mt.o) (cooja_mtarch_start)
build/cooja/mtype758.a(rtimer-arch.o)
                              build/cooja/mtype758.o (rtimer_arch_check)
build/cooja/mtype758.a(beep.o)
                              build/cooja/mtype758.o (beep_interface)
build/cooja/mtype758.a(leds-arch.o)
                              build/cooja/mtype758.o (leds_interface)
build/cooja/mtype758.a(moteid.o)
                              build/cooja/mtype758.o (moteid_interface)
build/cooja/mtype758.a(pir-sensor.o)
                              build/cooja/mtype758.o (pir_interface)
build/cooja/mtype758.a(rs232.o)
                              build/cooja/mtype758.o (rs232_interface)
build/cooja/mtype758.a(vib-sensor.o)
                              build/cooja/mtype758.o (vib_interface)
build/cooja/mtype758.a(clock.o)
                              build/cooja/mtype758.o (clock_interface)
build/cooja/mtype758.a(cooja-log.o)
                              build/cooja/mtype758.o (simlog_interface)
build/cooja/mtype758.a(cfs-cooja.o)
                              build/cooja/mtype758.o (cfs_interface)
build/cooja/mtype758.a(cooja-radio.o)
                              build/cooja/mtype758.o (radio_interface)
build/cooja/mtype758.a(eeprom.o)
                              build/cooja/mtype758.o (eeprom_interface)
build/cooja/mtype758.a(random.o)
                              build/cooja/mtype758.a(moteid.o) (random_init)
build/cooja/mtype758.a(sensors.o)
                              build/cooja/mtype758.a(pir-sensor.o) (sensors_changed)
build/cooja/mtype758.a(leds.o)
                              air_node.o (leds_set)
build/cooja/mtype758.a(gpio-hal-arch.o)
                              build/cooja/mtype758.a(leds-arch.o) (gpio_hal_arch_register_pin_callback)
build/cooja/mtype758.a(buttons.o)
                              build/cooja/mtype758.o (button_interface)
build/cooja/mtype758.a(res_purifier.o)
                              air_node.o (res_purifier)
build/cooja/mtype758.a(res_air.o)
                              build/cooja/mtype758.a(res_purifier.o) (carbon_dioxide_level)
build/cooja/mtype758.a(coap-blocking-a)
                              air_node.o (coap_blocking_request)
build/cooja/mtype758.a(coap-engine.o)
                              air_node.o (coap_activate_resource)
build/cooja/mtype758.a(coap-res-well-k)
                              build/cooja/mtype758.a(coap-engine.o) (res_well_known_core)
build/cooja/mtype758.a(coap-observe.o)
                              build/cooja/mtype758.a(coap-engine.o) (coap_remove_observer_by_mid)
build/cooja/mtype758.a(coap-uip.o)
                              build/cooja/mtype758.a(coap-observe.o) (coap_endpoint_copy)
build/cooja/mtype758.a(coap-timer.o)
                              build/cooja/mtype758.a(coap-engine.o) (coap_timer_set)
build/cooja/mtype758.a(coap-transactio)
                              build/cooja/mtype758.a(coap-blocking-a) (coap_send_transaction)
build/cooja/mtype758.a(coap.o)
                              build/cooja/mtype758.a(coap-engine.o) (coap_status_code)
build/cooja/mtype758.a(contiki-main.o)
                              build/cooja/mtype758.o (main)
build/cooja/mtype758.a(autostart.o)
                              build/cooja/mtype758.a(contiki-main.o) (autostart_start)
build/cooja/mtype758.a(ctimer.o)
                              build/cooja/mtype758.a(contiki-main.o) (ctimer_init)
build/cooja/mtype758.a(log.o)
                              build/cooja/mtype758.a(contiki-main.o) (curr_log_level_main)
build/cooja/mtype758.a(energest.o)
                              build/cooja/mtype758.a(contiki-main.o) (energest_init)
build/cooja/mtype758.a(etimer.o)
                              build/cooja/mtype758.a(contiki-main.o) (etimer_process)
build/cooja/mtype758.a(node-id.o)
                              build/cooja/mtype758.a(contiki-main.o) (node_id)
build/cooja/mtype758.a(rtimer.o)
                              build/cooja/mtype758.a(contiki-main.o) (rtimer_init)
build/cooja/mtype758.a(process.o)
                              build/cooja/mtype758.a(coap-blocking-a) (process_current)
build/cooja/mtype758.a(timer.o)
                              build/cooja/mtype758.a(etimer.o) (timer_set)
build/cooja/mtype758.a(list.o)
                              build/cooja/mtype758.a(coap-engine.o) (list_init)
build/cooja/mtype758.a(memb.o)
                              build/cooja/mtype758.a(coap-observe.o) (memb_alloc)
build/cooja/mtype758.a(button-hal.o)
                              build/cooja/mtype758.o (button_hal_init)
build/cooja/mtype758.a(serial-line.o)
[...]
Memory Configuration

Name             Origin             Length             Attributes
*default*        0x0000000000000000 0xffffffffffffffff

Linker script and memory map

LOAD /usr/lib/gcc/i686-linux-gnu/5/../../../i386-linux-gnu/crti.o
LOAD /usr/lib/gcc/i686-linux-gnu/5/crtbeginS.o
LOAD air_node.o
LOAD build/cooja/mtype758.o
LOAD build/cooja/mtype758.a
LOAD /usr/lib/gcc/i686-linux-gnu/5/libgcc.a
LOAD /usr/lib/gcc/i686-linux-gnu/5/libgcc_s.so
LOAD /usr/lib/gcc/i686-linux-gnu/5/../../../i386-linux-gnu/libc.so
START GROUP
LOAD /lib/i386-linux-gnu/libc.so.6
LOAD /usr/lib/i386-linux-gnu/libc_nonshared.a
LOAD /lib/i386-linux-gnu/ld-linux.so.2
END GROUP
LOAD /usr/lib/gcc/i686-linux-gnu/5/libgcc.a
LOAD /usr/lib/gcc/i686-linux-gnu/5/libgcc_s.so
LOAD /usr/lib/gcc/i686-linux-gnu/5/crtendS.o
LOAD /usr/lib/gcc/i686-linux-gnu/5/../../../i386-linux-gnu/crtn.o
                0x0000000000000114                . = (0x0 + SIZEOF_HEADERS)

.note.gnu.build-id
                0x0000000000000114       0x24
 *(.note.gnu.build-id)
 .note.gnu.build-id
                0x0000000000000114       0x24 /usr/lib/gcc/i686-linux-gnu/5/../../../i386-linux-gnu/crti.o

.hash
 *(.hash)

.gnu.hash       0x0000000000000138     0x15a0
 *(.gnu.hash)
 .gnu.hash      0x0000000000000138     0x15a0 /usr/lib/gcc/i686-linux-gnu/5/../../../i386-linux-gnu/crti.o

.dynsym         0x00000000000016d8     0x2f10
 *(.dynsym)
 .dynsym        0x00000000000016d8     0x2f10 /usr/lib/gcc/i686-linux-gnu/5/../../../i386-linux-gnu/crti.o

.dynstr         0x00000000000045e8     0x36c1
 *(.dynstr)
 .dynstr        0x00000000000045e8     0x36c1 /usr/lib/gcc/i686-linux-gnu/5/../../../i386-linux-gnu/crti.o

.gnu.version    0x0000000000007caa      0x5e2
 *(.gnu.version)
 .gnu.version   0x0000000000007caa      0x5e2 /usr/lib/gcc/i686-linux-gnu/5/../../../i386-linux-gnu/crti.o

.gnu.version_d  0x000000000000828c        0x0
 *(.gnu.version_d)
 .gnu.version_d
                0x000000000000828c        0x0 /usr/lib/gcc/i686-linux-gnu/5/../../../i386-linux-gnu/crti.o

.gnu.version_r  0x000000000000828c       0x40
 *(.gnu.version_r)
 .gnu.version_r
                0x000000000000828c       0x40 /usr/lib/gcc/i686-linux-gnu/5/../../../i386-linux-gnu/crti.o

.rel.dyn        0x00000000000082cc     0x93a8
 *(.rel.init)
 .rel.init      0x00000000000082cc        0x0 /usr/lib/gcc/i686-linux-gnu/5/../../../i386-linux-gnu/crti.o
 *(.rel.text .rel.text.* .rel.gnu.linkonce.t.*)
 .rel.text      0x00000000000082cc     0x89d8 /usr/lib/gcc/i686-linux-gnu/5/../../../i386-linux-gnu/crti.o
 *(.rel.fini)
 .rel.fini      0x0000000000010ca4        0x0 /usr/lib/gcc/i686-linux-gnu/5/../../../i386-linux-gnu/crti.o
 *(.rel.rodata .rel.rodata.* .rel.gnu.linkonce.r.*)
 .rel.rodata    0x0000000000010ca4      0x588 /usr/lib/gcc/i686-linux-gnu/5/../../../i386-linux-gnu/crti.o
 *(.rel.data.rel.ro .rel.data.rel.ro.* .rel.gnu.linkonce.d.rel.ro.*)
 *(.rel.data .rel.data.* .rel.gnu.linkonce.d.*)
 .rel.data.rel.local
                0x000000000001122c        0x8 /usr/lib/gcc/i686-linux-gnu/5/../../../i386-linux-gnu/crti.o
 .rel.data      0x0000000000011234      0x408 /usr/lib/gcc/i686-linux-gnu/5/../../../i386-linux-gnu/crti.o
 *(.rel.tdata .rel.tdata.* .rel.gnu.linkonce.td.*)
 *(.rel.tbss .rel.tbss.* .rel.gnu.linkonce.tb.*)
 *(.rel.ctors)
 *(.rel.dtors)
 *(.rel.got)
 .rel.got       0x000000000001163c       0x28 /usr/lib/gcc/i686-linux-gnu/5/../../../i386-linux-gnu/crti.o
 *(.rel.bss .rel.bss.* .rel.gnu.linkonce.b.*)
 *(.rel.ifunc)
 .rel.ifunc     0x0000000000011664        0x0 /usr/lib/gcc/i686-linux-gnu/5/../../../i386-linux-gnu/crti.o
 .rel.fini_array
                0x0000000000011664        0x8 /usr/lib/gcc/i686-linux-gnu/5/../../../i386-linux-gnu/crti.o
 .rel.init_array
                0x000000000001166c        0x8 /usr/lib/gcc/i686-linux-gnu/5/../../../i386-linux-gnu/crti.o

.rel.plt        0x0000000000011674        0x0
 *(.rel.plt)
 .rel.plt       0x0000000000011674        0x0 /usr/lib/gcc/i686-linux-gnu/5/../../../i386-linux-gnu/crti.o
 *(.rel.iplt)

.init           0x0000000000011674       0x23
 *(SORT(.init))
 .init          0x0000000000011674       0x1e /usr/lib/gcc/i686-linux-gnu/5/../../../i386-linux-gnu/crti.o
                0x0000000000011674                _init
 .init          0x0000000000011692        0x5 /usr/lib/gcc/i686-linux-gnu/5/../../../i386-linux-gnu/crtn.o

.plt            0x00000000000116a0       0x10
 *(.plt)
 .plt           0x00000000000116a0       0x10 /usr/lib/gcc/i686-linux-gnu/5/../../../i386-linux-gnu/crti.o
 *(.iplt)

.plt.got        0x00000000000116b0       0x10
 *(.plt.got)
 .plt.got       0x00000000000116b0       0x10 /usr/lib/gcc/i686-linux-gnu/5/../../../i386-linux-gnu/crti.o

.text           0x00000000000116c0    0x18912
 *(.text.unlikely .text.*_unlikely .text.unlikely.*)
 .text.unlikely
                0x00000000000116c0        0x0 /usr/lib/gcc/i686-linux-gnu/5/crtbeginS.o
 .text.unlikely
                0x00000000000116c0        0x0 /usr/lib/gcc/i686-linux-gnu/5/libgcc.a(_udivdi3.o)
 *(.text.exit .text.exit.*)
 *(.text.startup .text.startup.*)
 *(.text.hot .text.hot.*)
 *(.text .stub .text.* .gnu.linkonce.t.*)
 .text          0x00000000000116c0        0x0 /usr/lib/gcc/i686-linux-gnu/5/../../../i386-linux-gnu/crti.o
 .gnu.linkonce.t.__x86.get_pc_thunk.bx
                0x00000000000116c0        0x4 /usr/lib/gcc/i686-linux-gnu/5/../../../i386-linux-gnu/crti.o
                0x00000000000116c0                __x86.get_pc_thunk.bx
 *fill*         0x00000000000116c4        0xc 
 .text          0x00000000000116d0      0x11c /usr/lib/gcc/i686-linux-gnu/5/crtbeginS.o
 .text.__x86.get_pc_thunk.dx
                0x00000000000117ec        0x4 /usr/lib/gcc/i686-linux-gnu/5/crtbeginS.o
                0x00000000000117ec                __x86.get_pc_thunk.dx
 .text          0x00000000000117f0      0x225 air_node.o
                0x00000000000117f0                client_chunk_handler
 .text          0x0000000000011a15      0x283 build/cooja/mtype758.o
                0x0000000000011aa7                platform_init_stage_one
                0x0000000000011aba                platform_init_stage_two
                0x0000000000011acd                platform_init_stage_three
                0x0000000000011ae0                platform_main_loop
                0x0000000000011b53                Java_org_contikios_cooja_corecomm_Lib10_init
                0x0000000000011b8a                Java_org_contikios_cooja_corecomm_Lib10_getMemory
                0x0000000000011bbd                Java_org_contikios_cooja_corecomm_Lib10_setMemory
                0x0000000000011c1d                Java_org_contikios_cooja_corecomm_Lib10_tick
                0x0000000000011c85                Java_org_contikios_cooja_corecomm_Lib10_setReferenceAddress
 .text          0x0000000000011c98       0x65 build/cooja/mtype758.a(simEnvChange.o)
                0x0000000000011c98                doActionsBeforeTick
                0x0000000000011cca                doActionsAfterTick
 .text          0x0000000000011cfd       0x83 build/cooja/mtype758.a(cooja_mt.o)
                0x0000000000011cfd                cooja_mt_start
                0x0000000000011d27                cooja_mt_exec
                0x0000000000011d5d                cooja_mt_yield
 .text          0x0000000000011d80       0xbe build/cooja/mtype758.a(cooja_mtarch.o)
                0x0000000000011d80                cooja_mtarch_start
                0x0000000000011df3                cooja_sw
                0x0000000000011e16                cooja_mtarch_exec
                0x0000000000011e33                cooja_mtarch_yield
 .text          0x0000000000011e3e       0xc5 build/cooja/mtype758.a(rtimer-arch.o)
                0x0000000000011e3e                rtimer_arch_init
                0x0000000000011e62                rtimer_arch_schedule
                0x0000000000011e92                rtimer_arch_next
                0x0000000000011ea2                rtimer_arch_pending
                0x0000000000011eac                rtimer_arch_check
                0x0000000000011ef3                rtimer_arch_now
 .text          0x0000000000011f03       0x81 build/cooja/mtype758.a(beep.o)
                0x0000000000011f03                beep_alarm
                0x0000000000011f10                beep_beep
                0x0000000000011f1d                beep
                0x0000000000011f2a                beep_down
                0x0000000000011f37                beep_on
                0x0000000000011f44                beep_off
                0x0000000000011f51                beep_spinup
                0x0000000000011f5e                beep_quick
                0x0000000000011f6b                beep_long
 .text          0x0000000000011f84       0x65 build/cooja/mtype758.a(leds-arch.o)
                0x0000000000011f97                leds_arch_init
 .text          0x0000000000011fe9       0x35 build/cooja/mtype758.a(moteid.o)
 .text          0x000000000001201e       0xb7 build/cooja/mtype758.a(pir-sensor.o)
 .text          0x00000000000120d5      0x148 build/cooja/mtype758.a(rs232.o)
                0x00000000000120d5                rs232_init
                0x00000000000120db                rs232_set_speed
                0x00000000000120ea                rs232_set_input
                0x00000000000120f8                rs232_send
                0x000000000001211c                rs232_print
                0x0000000000012138                slip_arch_writeb
 .text          0x000000000001221d       0xb7 build/cooja/mtype758.a(vib-sensor.o)
 .text          0x00000000000122d4       0x38 build/cooja/mtype758.a(clock.o)
                0x00000000000122d4                clock_init
                0x00000000000122da                clock_time
                0x00000000000122e4                clock_seconds
                0x00000000000122fa                clock_delay
 .text          0x000000000001230c      0x219 build/cooja/mtype758.a(cooja-log.o)
                0x000000000001230c                simlog_char
                0x000000000001234f                simlog
                0x00000000000123c5                log_message
                0x00000000000123f6                log_set_putchar_with_slip
                0x0000000000012404                log_putchar
                0x000000000001247f                log_puts
                0x00000000000124a7                log_printf
 .text          0x0000000000012525      0x2b9 build/cooja/mtype758.a(cfs-cooja.o)
                0x0000000000012525                cfs_open
                0x000000000001258e                cfs_close
                0x000000000001259b                cfs_read
                0x0000000000012630                cfs_write
                0x000000000001270c                cfs_seek
                0x0000000000012794                cfs_remove
                0x00000000000127b8                cfs_opendir
                0x00000000000127c2                cfs_readdir
                0x00000000000127cc                cfs_closedir
 .text          0x00000000000127de      0x620 build/cooja/mtype758.a(cooja-radio.o)
                0x0000000000012820                radio_set_channel
                0x000000000001282e                radio_set_txpower
                0x0000000000012846                radio_signal_strength_last
                0x0000000000012850                radio_signal_strength_current
                0x000000000001285a                radio_LQI
 .text          0x0000000000012dfe       0xee build/cooja/mtype758.a(eeprom.o)
                0x0000000000012dfe                eeprom_init
                0x0000000000012e04                eeprom_read
                0x0000000000012e72                eeprom_write
 .text          0x0000000000012eec       0x2d build/cooja/mtype758.a(random.o)
                0x0000000000012eec                random_init
                0x0000000000012f0c                random_rand
 .text          0x0000000000012f19      0x29c build/cooja/mtype758.a(sensors.o)
                0x0000000000012f54                sensors_first
                0x0000000000012f5e                sensors_next
                0x0000000000012f78                sensors_changed
                0x0000000000012fac                sensors_find
 .text          0x00000000000131b5      0x349 build/cooja/mtype758.a(leds.o)
                0x00000000000131b5                leds_init
                0x00000000000131fc                leds_single_on
                0x000000000001325b                leds_single_off
                0x00000000000132ba                leds_single_toggle
                0x00000000000132ec                leds_on
                0x000000000001336e                leds_off
                0x00000000000133f0                leds_toggle
                0x0000000000013445                leds_set
                0x0000000000013471                leds_get
 .text          0x00000000000134fe      0x343 build/cooja/mtype758.a(gpio-hal-arch.o)
                0x00000000000134fe                gpio_hal_arch_register_pin_callback
                0x000000000001356a                gpio_hal_arch_init
                0x00000000000135af                gpio_hal_arch_no_port_interrupt_enable
                0x00000000000135df                gpio_hal_arch_no_port_interrupt_disable
                0x000000000001360f                gpio_hal_arch_no_port_pin_cfg_set
                0x0000000000013634                gpio_hal_arch_no_port_pin_cfg_get
                0x000000000001365a                gpio_hal_arch_no_port_pin_set_input
                0x000000000001366c                gpio_hal_arch_no_port_pin_set_output
                0x000000000001367e                gpio_hal_arch_no_port_set_pin
                0x000000000001369f                gpio_hal_arch_no_port_clear_pin
                0x00000000000136c0                gpio_hal_arch_no_port_read_pin
                0x00000000000136e6                gpio_hal_arch_no_port_write_pin
                0x0000000000013710                gpio_hal_arch_no_port_set_pins
                0x0000000000013757                gpio_hal_arch_no_port_clear_pins
                0x000000000001379e                gpio_hal_arch_no_port_read_pins
                0x00000000000137e1                gpio_hal_arch_no_port_write_pins
 .text          0x0000000000013841       0x89 build/cooja/mtype758.a(buttons.o)
 .text          0x00000000000138ca      0x318 build/cooja/mtype758.a(res_purifier.o)
 .text          0x0000000000013be2      0x321 build/cooja/mtype758.a(res_air.o)
 .text          0x0000000000013f03      0x27b build/cooja/mtype758.a(coap-blocking-a)
                0x0000000000013f03                coap_blocking_request_callback
                0x0000000000013f2d                coap_blocking_request
 .text          0x000000000001417e      0xbea build/cooja/mtype758.a(coap-engine.o)
                0x0000000000014213                coap_add_handler
                0x0000000000014230                coap_remove_handler
                0x000000000001424d                coap_call_handlers
                0x0000000000014355                coap_receive
                0x0000000000014950                coap_engine_init
                0x00000000000149ae                coap_activate_resource
                0x0000000000014a59                coap_get_first_resource
                0x0000000000014a72                coap_get_next_resource
 .text          0x0000000000014d68      0x2d9 build/cooja/mtype758.a(coap-res-well-k)
 .text          0x0000000000015041      0x96a build/cooja/mtype758.a(coap-observe.o)
                0x0000000000015156                coap_remove_observer
                0x0000000000015186                coap_remove_observer_by_client
                0x00000000000151ee                coap_remove_observer_by_token
                0x0000000000015281                coap_remove_observer_by_uri
                0x0000000000015328                coap_remove_observer_by_mid
                0x00000000000153a4                coap_notify_observers
                0x00000000000153bd                coap_notify_observers_sub
                0x0000000000015827                coap_observe_handler
                0x0000000000015942                coap_has_observers
 .text          0x00000000000159ab      0x733 build/cooja/mtype758.a(coap-uip.o)
                0x00000000000159ab                coap_endpoint_log
                0x0000000000015a31                coap_endpoint_print
                0x0000000000015ab7                coap_endpoint_snprint
                0x0000000000015bea                coap_endpoint_copy
                0x0000000000015c27                coap_endpoint_cmp
                0x0000000000015d35                coap_endpoint_parse
                0x0000000000015f20                coap_endpoint_is_secure
                0x0000000000015f2f                coap_endpoint_is_connected
                0x0000000000015f63                coap_endpoint_connect
                0x0000000000015f7f                coap_endpoint_disconnect
                0x0000000000015f85                coap_databuf
                0x0000000000015f8f                coap_transport_init
                0x0000000000015fdf                coap_sendto
 .text          0x00000000000160de      0x324 build/cooja/mtype758.a(coap-timer.o)
                0x00000000000161db                coap_timer_stop
                0x0000000000016206                coap_timer_set
                0x0000000000016249                coap_timer_reset
                0x000000000001628c                coap_timer_time_to_next_expiration
                0x00000000000162f8                coap_timer_run
                0x00000000000163c4                coap_timer_init
 .text          0x0000000000016402      0x2c6 build/cooja/mtype758.a(coap-transactio)
                0x0000000000016468                coap_new_transaction
                0x00000000000164ce                coap_send_transaction
                0x000000000001662f                coap_clear_transaction
                0x0000000000016677                coap_get_transaction_by_mid
 .text          0x00000000000166c8     0x1c53 build/cooja/mtype758.a(coap.o)
                0x0000000000016c35                coap_init_connection
                0x0000000000016c49                coap_get_mid
                0x0000000000016c65                coap_init_message
                0x0000000000016cae                coap_serialize_message
                0x0000000000017330                coap_parse_message
                0x0000000000017997                coap_get_query_variable
                0x00000000000179d9                coap_get_post_variable
                0x0000000000017a1d                coap_set_status_code
                0x0000000000017a42                coap_set_token
                0x0000000000017a89                coap_get_header_content_format
                0x0000000000017aba                coap_set_header_content_format
                0x0000000000017add                coap_get_header_accept
                0x0000000000017b0e                coap_set_header_accept
                0x0000000000017b31                coap_get_header_max_age
                0x0000000000017b62                coap_set_header_max_age
                0x0000000000017b82                coap_get_header_etag
                0x0000000000017bb4                coap_set_header_etag
                0x0000000000017c0b                coap_get_header_if_match
                0x0000000000017c3d                coap_set_header_if_match
                0x0000000000017c94                coap_get_header_if_none_match
                0x0000000000017cae                coap_set_header_if_none_match
                0x0000000000017cc5                coap_get_header_proxy_uri
                0x0000000000017cf3                coap_set_header_proxy_uri
                0x0000000000017d30                coap_get_header_uri_host
                0x0000000000017d5e                coap_set_header_uri_host
                0x0000000000017d9b                coap_get_header_uri_path
                0x0000000000017dc9                coap_set_header_uri_path
                0x0000000000017e16                coap_get_header_uri_query
                0x0000000000017e4a                coap_set_header_uri_query
                0x0000000000017ea0                coap_get_header_location_path
                0x0000000000017ece                coap_set_header_location_path
                0x0000000000017f67                coap_get_header_location_query
                0x0000000000017f95                coap_set_header_location_query
                0x0000000000017fe2                coap_get_header_observe
                0x0000000000018011                coap_set_header_observe
                0x0000000000018031                coap_get_header_block2
                0x000000000001809d                coap_set_header_block2
                0x0000000000018114                coap_get_header_block1
                0x0000000000018189                coap_set_header_block1
                0x0000000000018204                coap_get_header_size2
                0x0000000000018234                coap_set_header_size2
                0x0000000000018257                coap_get_header_size1
                0x0000000000018287                coap_set_header_size1
                0x00000000000182aa                coap_get_payload
                0x00000000000182e4                coap_set_payload
 .text          0x000000000001831b      0x332 build/cooja/mtype758.a(contiki-main.o)
                0x000000000001831b                main
 .text          0x000000000001864d       0x92 build/cooja/mtype758.a(autostart.o)
                0x000000000001864d                autostart_start
                0x0000000000018697                autostart_exit
 .text          0x00000000000186df      0x355 build/cooja/mtype758.a(ctimer.o)
                0x0000000000018807                ctimer_init
                0x000000000001883a                ctimer_set
                0x0000000000018860                ctimer_set_with_process
                0x00000000000188dd                ctimer_reset
                0x0000000000018931                ctimer_restart
                0x0000000000018985                ctimer_stop
                0x00000000000189d5                ctimer_expired
 .text          0x0000000000018a34      0x394 build/cooja/mtype758.a(log.o)
                0x0000000000018a34                log_6addr
                0x0000000000018a87                log_6addr_compact_snprint
                0x0000000000018b25                log_6addr_compact
                0x0000000000018b78                log_lladdr
                0x0000000000018bea                log_lladdr_compact
                0x0000000000018c52                log_set_level
                0x0000000000018d0d                log_get_level
                0x0000000000018d86                log_level_to_str
 .text          0x0000000000018dc8       0x1b build/cooja/mtype758.a(energest.o)
                0x0000000000018dc8                energest_init
                0x0000000000018dce                energest_flush
                0x0000000000018dd4                energest_get_total_time
 .text          0x0000000000018de3      0x43f build/cooja/mtype758.a(etimer.o)
                0x0000000000019007                etimer_request_poll
                0x0000000000019090                etimer_set
                0x00000000000190b9                etimer_reset_with_new_interval
                0x00000000000190e8                etimer_reset
                0x000000000001910e                etimer_restart
                0x0000000000019134                etimer_adjust
                0x0000000000019151                etimer_expired
                0x0000000000019164                etimer_expiration_time
                0x0000000000019176                etimer_start_time
                0x0000000000019180                etimer_pending
                0x0000000000019192                etimer_next_expiration_time
                0x00000000000191ac                etimer_stop
 .text          0x0000000000019222       0x25 build/cooja/mtype758.a(node-id.o)
                0x0000000000019222                node_id_init
 .text          0x0000000000019247       0xeb build/cooja/mtype758.a(rtimer.o)
                0x0000000000019247                rtimer_init
                0x0000000000019255                rtimer_set
                0x00000000000192d0                rtimer_run_next
 .text          0x0000000000019332      0x4fb build/cooja/mtype758.a(process.o)
                0x0000000000019332                process_alloc_event
                0x0000000000019347                process_start
                0x0000000000019521                process_exit
                0x000000000001953e                process_init
                0x00000000000196d3                process_run
                0x0000000000019706                process_nevents
                0x0000000000019721                process_post
                0x00000000000197b4                process_post_synch
                0x00000000000197e9                process_poll
                0x0000000000019819                process_is_running
 .text          0x000000000001982d       0xb1 build/cooja/mtype758.a(timer.o)
                0x000000000001982d                timer_set
                0x000000000001984b                timer_reset
                0x0000000000019878                timer_restart
                0x000000000001988d                timer_expired
                0x00000000000198ba                timer_remaining
 .text          0x00000000000198de      0x28f build/cooja/mtype758.a(list.o)
                0x00000000000198de                list_init
                0x00000000000198ed                list_head
                0x00000000000198f7                list_copy
                0x0000000000019907                list_tail
                0x000000000001993d                list_add
                0x0000000000019989                list_push
                0x00000000000199b5                list_chop
                0x0000000000019a1f                list_pop
                0x0000000000019a47                list_remove
                0x0000000000019aaf                list_length
                0x0000000000019add                list_insert
                0x0000000000019b22                list_item_next
                0x0000000000019b39                list_contains
 .text          0x0000000000019b6d      0x1b5 build/cooja/mtype758.a(memb.o)
                0x0000000000019b6d                memb_init
                0x0000000000019bc2                memb_alloc
                0x0000000000019c25                memb_free
                0x0000000000019c9c                memb_inmemb
                0x0000000000019cdb                memb_numfree
 .text          0x0000000000019d22      0x41c build/cooja/mtype758.a(button-hal.o)
                0x0000000000019e9b                button_hal_get_by_id
                0x0000000000019ed9                button_hal_get_by_index
                0x0000000000019f05                button_hal_get_state
                0x0000000000019f57                button_hal_init
 .text          0x000000000001a13e      0x1f3 build/cooja/mtype758.a(serial-line.o)
                0x000000000001a13e                serial_line_input_byte
                0x000000000001a2fc                serial_line_init
 .text          0x000000000001a331      0x168 build/cooja/mtype758.a(gpio-hal.o)
                0x000000000001a331                gpio_hal_register_handler
                0x000000000001a34e                gpio_hal_event_handler
                0x000000000001a3aa                gpio_hal_init
                0x000000000001a3c9                gpio_hal_arch_port_toggle_pin
                0x000000000001a405                gpio_hal_arch_port_toggle_pins
                0x000000000001a433                gpio_hal_arch_no_port_toggle_pin
                0x000000000001a471                gpio_hal_arch_no_port_toggle_pins
 .text          0x000000000001a499      0x2e7 build/cooja/mtype758.a(queuebuf.o)
                0x000000000001a4a3                queuebuf_init
                0x000000000001a4cc                queuebuf_numfree
                0x000000000001a4e4                queuebuf_new_from_packetbuf
                0x000000000001a583                queuebuf_update_attr_from_packetbuf
                0x000000000001a5b8                queuebuf_update_from_packetbuf
                0x000000000001a608                queuebuf_free
                0x000000000001a651                queuebuf_to_packetbuf
                0x000000000001a6bd                queuebuf_dataptr
                0x000000000001a6f7                queuebuf_datalen
                0x000000000001a71a                queuebuf_addr
                0x000000000001a74f                queuebuf_attr
                0x000000000001a77a                queuebuf_debug_print
 .text          0x000000000001a780      0x407 build/cooja/mtype758.a(packetbuf.o)
                0x000000000001a780                packetbuf_clear
                0x000000000001a7ab                packetbuf_copyfrom
                0x000000000001a7fa                packetbuf_copyto
                0x000000000001a88d                packetbuf_hdralloc
                0x000000000001a909                packetbuf_hdrreduce
                0x000000000001a94f                packetbuf_set_datalen
                0x000000000001a969                packetbuf_dataptr
                0x000000000001a986                packetbuf_hdrptr
                0x000000000001a990                packetbuf_datalen
                0x000000000001a99c                packetbuf_hdrlen
                0x000000000001a9b3                packetbuf_totlen
                0x000000000001a9c9                packetbuf_remaininglen
                0x000000000001a9dc                packetbuf_attr_clear
                0x000000000001aa28                packetbuf_attr_copyto
                0x000000000001aa80                packetbuf_attr_copyfrom
                0x000000000001aad8                packetbuf_set_attr
                0x000000000001ab02                packetbuf_attr
                0x000000000001ab1c                packetbuf_set_addr
                0x000000000001ab4d                packetbuf_addr
                0x000000000001ab6a                packetbuf_holds_broadcast
 .text          0x000000000001ab87       0xef build/cooja/mtype758.a(netstack.o)
                0x000000000001ab87                netstack_process_ip_callback
                0x000000000001ac18                netstack_ip_packet_processor_add
                0x000000000001ac3b                uip_ds6_ip_packet_processor_rm
                0x000000000001ac58                netstack_init
 .text          0x000000000001ac76       0x4f build/cooja/mtype758.a(linkaddr.o)
                0x000000000001ac76                linkaddr_copy
                0x000000000001ac8c                linkaddr_cmp
                0x000000000001acaf                linkaddr_set_node_addr
 .text          0x000000000001acc5      0x1f6 build/cooja/mtype758.a(csma.o)
 .text          0x000000000001aebb      0x95d build/cooja/mtype758.a(csma-output.o)
                0x000000000001b552                csma_output_packet
                0x000000000001b7df                csma_output_init
 .text          0x000000000001b818      0xc11 build/cooja/mtype758.a(uip-ds6.o)
                0x000000000001b818                uip_ds6_default_prefix
                0x000000000001b822                uip_ds6_set_default_prefix
                0x000000000001b84d                uip_ds6_init
                0x000000000001baaf                uip_ds6_periodic
                0x000000000001bb36                uip_ds6_list_loop
                0x000000000001bbf6                uip_ds6_prefix_add
                0x000000000001bca2                uip_ds6_prefix_rm
                0x000000000001bcb5                uip_ds6_prefix_lookup
                0x000000000001bcf4                uip_ds6_is_addr_onlink
                0x000000000001bd67                uip_ds6_addr_add
                0x000000000001be87                uip_ds6_addr_rm
                0x000000000001bf30                uip_ds6_addr_lookup
                0x000000000001bf69                uip_ds6_get_link_local
                0x000000000001bfea                uip_ds6_get_global
                0x000000000001c06b                uip_ds6_maddr_add
                0x000000000001c0cb                uip_ds6_maddr_rm
                0x000000000001c0de                uip_ds6_maddr_lookup
                0x000000000001c117                uip_ds6_aaddr_add
                0x000000000001c177                uip_ds6_aaddr_rm
                0x000000000001c18a                uip_ds6_aaddr_lookup
                0x000000000001c1c3                uip_ds6_select_src
                0x000000000001c30c                uip_ds6_set_addr_iid
                0x000000000001c337                uip_ds6_set_lladdr_from_iid
                0x000000000001c360                get_match_length
                0x000000000001c3f1                uip_ds6_compute_reachable_time
 .text          0x000000000001c429      0x128 build/cooja/mtype758.a(uip-udp-packet.)
                0x000000000001c429                uip_udp_packet_send
                0x000000000001c484                uip_udp_packet_sendto
 .text          0x000000000001c551      0x35b build/cooja/mtype758.a(uip-ds6-route.o)
                0x000000000001c5a2                uip_ds6_route_init
                0x000000000001c5cc                uip_ds6_route_nexthop
                0x000000000001c5d6                uip_ds6_route_head
                0x000000000001c5e0                uip_ds6_route_next
                0x000000000001c5ea                uip_ds6_route_is_nexthop
                0x000000000001c5f4                uip_ds6_route_num_routes
                0x000000000001c5fe                uip_ds6_route_lookup
                0x000000000001c608                uip_ds6_route_add
                0x000000000001c61b                uip_ds6_route_rm
                0x000000000001c621                uip_ds6_route_rm_by_nexthop
                0x000000000001c627                uip_ds6_defrt_head
                0x000000000001c640                uip_ds6_defrt_add
                0x000000000001c6ee                uip_ds6_defrt_rm
                0x000000000001c754                uip_ds6_defrt_lookup
                0x000000000001c7bb                uip_ds6_defrt_choose
                0x000000000001c831                uip_ds6_defrt_periodic
 .text          0x000000000001c8ac      0x6f7 build/cooja/mtype758.a(tcpip.o)
                0x000000000001c8c6                tcpip_output
                0x000000000001c945                udp_attach
                0x000000000001c95d                udp_new
                0x000000000001c9a7                udp_broadcast_new
                0x000000000001cb19                tcpip_input
                0x000000000001cca9                tcpip_ipv6_output
                0x000000000001ce9d                tcpip_poll_udp
                0x000000000001cebb                tcpip_uipcall
 .text          0x000000000001cfa3     0x1205 build/cooja/mtype758.a(uip6.o)
                0x000000000001d052                uip_chksum
                0x000000000001d129                uip_icmp6chksum
                0x000000000001d13e                uip_udpchksum
                0x000000000001d153                uip_init
                0x000000000001d19c                uip_remove_ext_hdr
                0x000000000001d276                uip_udp_new
                0x000000000001d58a                uip_process
                0x000000000001e082                uip_htons
                0x000000000001e0a4                uip_htonl
                0x000000000001e0e2                uip_send
 .text          0x000000000001e1a8      0x369 build/cooja/mtype758.a(uip-ds6-nbr.o)
                0x000000000001e1a8                uip_ds6_neighbors_init
                0x000000000001e1cc                uip_ds6_nbr_add
                0x000000000001e252                uip_ds6_nbr_rm
                0x000000000001e29d                uip_ds6_nbr_update_ll
                0x000000000001e38b                uip_ds6_nbr_get_ipaddr
                0x000000000001e3a0                uip_ds6_nbr_get_ll
                0x000000000001e3bc                uip_ds6_nbr_num
                0x000000000001e405                uip_ds6_nbr_head
                0x000000000001e41e                uip_ds6_nbr_next
                0x000000000001e43a                uip_ds6_nbr_lookup
                0x000000000001e492                uip_ds6_nbr_ll_lookup
                0x000000000001e4ae                uip_ds6_nbr_ipaddr_from_lladdr
                0x000000000001e4d7                uip_ds6_nbr_lladdr_from_ipaddr
                0x000000000001e50b                uip_ds6_link_callback
 .text          0x000000000001e511      0x6a7 build/cooja/mtype758.a(uip-nd6.o)
                0x000000000001eb9f                uip_nd6_init
 .text          0x000000000001ebb8     0x2c17 build/cooja/mtype758.a(sicslowpan.o)
                0x000000000001f1bf                netstack_sniffer_add
                0x000000000001f1cd                netstack_sniffer_remove
                0x00000000000217a3                sicslowpan_init
                0x00000000000217c5                sicslowpan_get_last_rssi
 .text          0x00000000000217cf      0x4d1 build/cooja/mtype758.a(uiplib.o)
                0x00000000000217cf                uiplib_ip6addrconv
                0x0000000000021987                uiplib_ip4addrconv
                0x0000000000021a4a                uiplib_ipaddr_print
                0x0000000000021a9d                uiplib_ipaddr_snprint
 .text          0x0000000000021ca0      0x4c9 build/cooja/mtype758.a(rpl.o)
                0x0000000000021ca0                rpl_lollipop_greater_than
                0x0000000000021cfa                rpl_get_global_address
                0x0000000000021df2                rpl_link_callback
                0x0000000000021e36                rpl_has_joined
                0x0000000000021e5b                rpl_is_reachable
                0x0000000000021edc                rpl_reset_prefix
                0x0000000000021f46                rpl_set_prefix_from_addr
                0x000000000002202b                rpl_set_prefix
                0x0000000000022145                rpl_set_leaf_only
                0x000000000002215d                rpl_get_leaf_only
 .text          0x0000000000022169     0x138c build/cooja/mtype758.a(rpl-icmp6.o)
                0x000000000002228e                rpl_icmp6_update_nbr_table
                0x0000000000022317                rpl_icmp6_dis_output
                0x000000000002295d                rpl_icmp6_dio_output
                0x000000000002315b                rpl_icmp6_dao_output
                0x000000000002343c                rpl_icmp6_dao_ack_output
                0x00000000000234ac                rpl_icmp6_init
 .text          0x00000000000234f5      0x264 build/cooja/mtype758.a(rpl-dag-root.o)
                0x00000000000234f5                rpl_dag_root_print_links
                0x0000000000023621                rpl_dag_root_set_prefix
                0x000000000002364d                rpl_dag_root_start
                0x000000000002372a                rpl_dag_root_is_root
 .text          0x0000000000023759       0x30 build/cooja/mtype758.a(watchdog.o)
                0x0000000000023759                watchdog_init
                0x000000000002375f                watchdog_start
                0x0000000000023765                watchdog_periodic
                0x000000000002377d                watchdog_stop
                0x0000000000023783                watchdog_reboot
 .text          0x0000000000023789       0x4a build/cooja/mtype758.a(int-master.o)
                0x0000000000023789                int_master_enable
                0x0000000000023799                int_master_read_and_disable
                0x00000000000237b6                int_master_status_set
                0x00000000000237c4                int_master_is_enabled
 .text          0x00000000000237d3      0x226 build/cooja/mtype758.a(coap-timer-defa)
 .text          0x00000000000239f9       0xc7 build/cooja/mtype758.a(stimer.o)
                0x00000000000239f9                stimer_set
                0x0000000000023a17                stimer_reset
                0x0000000000023a44                stimer_restart
                0x0000000000023a59                stimer_expired
                0x0000000000023a84                stimer_remaining
                0x0000000000023aa8                stimer_elapsed
 .text          0x0000000000023ac0      0x156 build/cooja/mtype758.a(ringbuf.o)
                0x0000000000023ac0                ringbuf_init
                0x0000000000023af2                ringbuf_put
                0x0000000000023b70                ringbuf_get
                0x0000000000023bdd                ringbuf_size
                0x0000000000023bef                ringbuf_elements
 .text          0x0000000000023c16       0x1f build/cooja/mtype758.a(assert.o)
                0x0000000000023c16                _xassert
 .text          0x0000000000023c35      0x79b build/cooja/mtype758.a(nbr-table.o)
                0x00000000000240ae                nbr_table_register
                0x000000000002411b                nbr_table_is_registered
                0x0000000000024156                nbr_table_head
                0x00000000000241b1                nbr_table_next
                0x0000000000024212                nbr_table_add_lladdr
                0x00000000000242ec                nbr_table_get_from_lladdr
                0x0000000000024338                nbr_table_remove
                0x0000000000024370                nbr_table_lock
                0x000000000002438a                nbr_table_unlock
                0x00000000000243a4                nbr_table_get_lladdr
 .text          0x00000000000243d0      0x3a5 build/cooja/mtype758.a(link-stats.o)
                0x00000000000243d0                link_stats_from_lladdr
                0x00000000000243ec                link_stats_get_lladdr
                0x0000000000024408                link_stats_is_fresh
                0x0000000000024444                guess_etx_from_rssi
                0x00000000000244c0                link_stats_packet_sent
                0x00000000000245e0                link_stats_input_callback
                0x00000000000246f0                link_stats_reset
                0x0000000000024740                link_stats_init
 .text          0x0000000000024775      0x187 build/cooja/mtype758.a(mac-sequence.o)
                0x0000000000024775                mac_sequence_is_duplicate
                0x0000000000024815                mac_sequence_register_seqno
 .text          0x00000000000248fc       0x23 build/cooja/mtype758.a(mac.o)
                0x00000000000248fc                mac_call_sent_callback
 .text          0x000000000002491f      0x432 build/cooja/mtype758.a(framer-802154.o)
                0x0000000000024aae                framer_802154_setup_params
 .text          0x0000000000024d51      0xb6f build/cooja/mtype758.a(frame802154.o)
                0x0000000000024d82                frame802154_get_pan_id
                0x0000000000024d8e                frame802154_set_pan_id
                0x0000000000024da8                frame802154_has_panid
                0x0000000000024f57                frame802154_check_dest_panid
                0x0000000000024fdf                frame802154_is_broadcast_addr
                0x000000000002502c                frame802154_extract_linkaddr
                0x0000000000025291                frame802154_hdrlen
                0x0000000000025304                frame802154_create_fcf
                0x00000000000253bc                frame802154_create
                0x0000000000025531                frame802154_parse_fcf
                0x0000000000025613                frame802154_parse
 .text          0x00000000000258c0       0x2d build/cooja/mtype758.a(csma-security.o)
                0x00000000000258c0                csma_security_create_frame
                0x00000000000258de                csma_security_parse_frame
 .text          0x00000000000258ed      0x4e4 build/cooja/mtype758.a(uipbuf.o)
                0x00000000000258ed                uipbuf_clear
                0x0000000000025914                uipbuf_add_ext_hdr
                0x0000000000025994                uipbuf_set_len
                0x00000000000259c1                uipbuf_set_len_field
                0x00000000000259ed                uipbuf_get_len_field
                0x0000000000025a0d                uipbuf_get_next_header
                0x0000000000025b3f                uipbuf_get_last_header
                0x0000000000025bb8                uipbuf_search_header
                0x0000000000025c6e                uipbuf_get_attr
                0x0000000000025c95                uipbuf_set_attr
                0x0000000000025ccc                uipbuf_set_default_attr
                0x0000000000025d03                uipbuf_clear_attr
                0x0000000000025d27                uipbuf_set_attr_flag
                0x0000000000025d48                uipbuf_clr_attr_flag
                0x0000000000025d6f                uipbuf_is_attr_flag
                0x0000000000025d93                uipbuf_init
 .text          0x0000000000025dd1      0x73f build/cooja/mtype758.a(uip-icmp6.o)
                0x0000000000025e46                uip_icmp6_input
                0x0000000000025e9d                uip_icmp6_register_input_handler
                0x0000000000025ff0                uip_icmp6_error_output
                0x00000000000262a1                uip_icmp6_send
                0x0000000000026498                uip_icmp6_echo_reply_callback_add
                0x00000000000264ca                uip_icmp6_echo_reply_callback_rm
                0x00000000000264e7                uip_icmp6_init
 .text          0x0000000000026510      0x69b build/cooja/mtype758.a(uip-sr.o)
                0x0000000000026510                uip_sr_num_nodes
                0x000000000002659e                uip_sr_get_node
                0x00000000000265f5                uip_sr_is_addr_reachable
                0x00000000000266a3                uip_sr_expire_parent
                0x00000000000266ec                uip_sr_update_node
                0x000000000002681c                uip_sr_init
                0x0000000000026850                uip_sr_node_head
                0x0000000000026869                uip_sr_node_next
                0x000000000002687f                uip_sr_periodic
                0x0000000000026985                uip_sr_free_all
                0x00000000000269f5                uip_sr_link_snprint
 .text          0x0000000000026bab      0x146 build/cooja/mtype758.a(uip-packetqueue)
                0x0000000000026bd9                uip_packetqueue_new
                0x0000000000026be8                uip_packetqueue_alloc
                0x0000000000026c43                uip_packetqueue_free
                0x0000000000026c8a                uip_packetqueue_buf
                0x0000000000026ca7                uip_packetqueue_buflen
                0x0000000000026cc8                uip_packetqueue_set_buflen
 .text          0x0000000000026cf1      0x1b0 build/cooja/mtype758.a(rpl-nbr-policy.)
                0x0000000000026e5e                rpl_nbr_policy_find_removable
 .text          0x0000000000026ea1      0x915 build/cooja/mtype758.a(rpl-neighbor.o)
                0x0000000000026f1d                rpl_neighbor_snprint
                0x00000000000271d0                rpl_neighbor_print_list
                0x0000000000027285                rpl_neighbor_count
                0x000000000002732c                rpl_neighbor_get_from_lladdr
                0x0000000000027348                rpl_neighbor_is_acceptable_parent
                0x000000000002737c                rpl_neighbor_get_link_metric
                0x00000000000273b0                rpl_neighbor_rank_via_nbr
                0x00000000000273e4                rpl_neighbor_get_lladdr
                0x0000000000027400                rpl_neighbor_get_ipaddr
                0x0000000000027427                rpl_neighbor_get_link_stats
                0x000000000002744e                rpl_neighbor_is_fresh
                0x0000000000027475                rpl_neighbor_is_reachable
                0x00000000000274c0                rpl_neighbor_is_parent
                0x00000000000274ea                rpl_neighbor_set_preferred_parent
                0x0000000000027581                rpl_neighbor_remove_all
                0x00000000000275dd                rpl_neighbor_get_from_ipaddr
                0x00000000000276eb                rpl_neighbor_select_best
                0x0000000000027797                rpl_neighbor_init
 .text          0x00000000000277b6      0xe69 build/cooja/mtype758.a(rpl-dag.o)
                0x00000000000277b6                rpl_dag_state_to_str
                0x00000000000277f5                rpl_dag_get_root_ipaddr
                0x000000000002783d                rpl_dag_leave
                0x00000000000278c6                rpl_dag_poison_and_leave
                0x00000000000278de                rpl_dag_periodic
                0x0000000000027966                rpl_is_addr_in_our_dag
                0x00000000000279aa                rpl_get_default_instance
                0x00000000000279c6                rpl_get_any_dag
                0x0000000000027a1f                rpl_refresh_routes
                0x0000000000027a5f                rpl_global_repair
                0x0000000000027af8                rpl_local_repair
                0x0000000000027b42                rpl_dag_ready_to_advertise
                0x0000000000027b85                rpl_dag_update_state
                0x00000000000282b2                rpl_process_dio
                0x0000000000028330                rpl_process_dis
                0x0000000000028375                rpl_process_dao
                0x0000000000028404                rpl_process_dao_ack
                0x000000000002849b                rpl_process_hbh
                0x00000000000284eb                rpl_dag_init_root
                0x00000000000285ff                rpl_dag_init
 .text          0x000000000002861f      0x9e7 build/cooja/mtype758.a(rpl-timers.o)
                0x000000000002861f                rpl_timers_schedule_periodic_dis
                0x000000000002876d                rpl_timers_dio_reset
                0x000000000002887b                rpl_timers_schedule_unicast_dio
                0x00000000000289cf                rpl_timers_schedule_dao
                0x0000000000028a8e                rpl_timers_schedule_dao_ack
                0x0000000000028b14                rpl_timers_notify_dao_ack
                0x0000000000028b72                get_probing_delay
                0x0000000000028ba6                get_probing_target
                0x0000000000028d90                rpl_schedule_probing
                0x0000000000028dbe                rpl_schedule_probing_now
                0x0000000000028e28                rpl_timers_unschedule_leaving
                0x0000000000028e60                rpl_timers_schedule_leaving
                0x0000000000028ea1                rpl_timers_init
                0x0000000000028f31                rpl_timers_stop_dag_timers
                0x0000000000028faa                rpl_timers_unschedule_state_update
                0x0000000000028fce                rpl_timers_schedule_state_update
 .text          0x0000000000029006      0xb8e build/cooja/mtype758.a(rpl-ext-header.)
                0x0000000000029006                rpl_ext_header_srh_get_next_hop
                0x00000000000290ed                rpl_ext_header_srh_update
                0x0000000000029659                rpl_ext_header_hbh_update
                0x0000000000029959                rpl_ext_header_update
                0x00000000000299e2                rpl_ext_header_remove
 .text          0x0000000000029b94      0x31b build/cooja/mtype758.a(rpl-mrhof.o)
 *fill*         0x0000000000029eaf        0x1 
 .text          0x0000000000029eb0      0x122 /usr/lib/gcc/i686-linux-gnu/5/libgcc.a(_udivdi3.o)
                0x0000000000029eb0                __udivdi3
 .text          0x0000000000029fd2        0x0 /usr/lib/gcc/i686-linux-gnu/5/crtendS.o
 .text          0x0000000000029fd2        0x0 /usr/lib/gcc/i686-linux-gnu/5/../../../i386-linux-gnu/crtn.o
 *(.gnu.warning)

.fini           0x0000000000029fd4       0x14
 *(SORT(.fini))
 .fini          0x0000000000029fd4        0xf /usr/lib/gcc/i686-linux-gnu/5/../../../i386-linux-gnu/crti.o
                0x0000000000029fd4                _fini
 .fini          0x0000000000029fe3        0x5 /usr/lib/gcc/i686-linux-gnu/5/../../../i386-linux-gnu/crtn.o
                [!provide]                        PROVIDE (__etext, .)
                [!provide]                        PROVIDE (_etext, .)
                [!provide]                        PROVIDE (etext, .)

.rodata         0x000000000002a000      0xc4b
 *(.rodata .rodata.* .gnu.linkonce.r.*)
 .rodata        0x000000000002a000       0x92 air_node.o
                0x000000000002a00c                autostart_processes
 *fill*         0x000000000002a092        0x2 
 .rodata        0x000000000002a094        0x8 build/cooja/mtype758.a(beep.o)
                0x000000000002a094                beep_interface
 .rodata        0x000000000002a09c        0xe build/cooja/mtype758.a(leds-arch.o)
                0x000000000002a09c                leds_interface
                0x000000000002a0a4                leds_arch_leds
 *fill*         0x000000000002a0aa        0x2 
 .rodata        0x000000000002a0ac        0x8 build/cooja/mtype758.a(moteid.o)
                0x000000000002a0ac                moteid_interface
 .rodata        0x000000000002a0b4       0x1c build/cooja/mtype758.a(pir-sensor.o)
                0x000000000002a0b4                pir_interface
                0x000000000002a0c0                pir_sensor
 .rodata        0x000000000002a0d0        0xe build/cooja/mtype758.a(rs232.o)
                0x000000000002a0d0                rs232_interface
 *fill*         0x000000000002a0de        0x2 
 .rodata        0x000000000002a0e0       0x24 build/cooja/mtype758.a(vib-sensor.o)
                0x000000000002a0e0                vib_interface
                0x000000000002a0f4                vib_sensor
 .rodata        0x000000000002a104        0x8 build/cooja/mtype758.a(clock.o)
                0x000000000002a104                clock_interface
 .rodata        0x000000000002a10c        0x8 build/cooja/mtype758.a(cooja-log.o)
                0x000000000002a10c                simlog_interface
 .rodata        0x000000000002a114       0x2f build/cooja/mtype758.a(cfs-cooja.o)
                0x000000000002a114                cfs_interface
 *fill*         0x000000000002a143       0x1d 
 .rodata        0x000000000002a160       0xb8 build/cooja/mtype758.a(cooja-radio.o)
                0x000000000002a160                radio_interface
                0x000000000002a1e0                cooja_radio_driver
 .rodata        0x000000000002a218        0x8 build/cooja/mtype758.a(eeprom.o)
                0x000000000002a218                eeprom_interface
 .rodata        0x000000000002a220        0x8 build/cooja/mtype758.a(sensors.o)
 .rodata        0x000000000002a228       0x2c build/cooja/mtype758.a(buttons.o)
                0x000000000002a228                button_interface
                0x000000000002a23c                button_hal_button_count
                0x000000000002a244                button_sensor
 .rodata        0x000000000002a254      0x101 build/cooja/mtype758.a(res_purifier.o)
 *fill*         0x000000000002a355        0x3 
 .rodata        0x000000000002a358      0x138 build/cooja/mtype758.a(res_air.o)
 .rodata        0x000000000002a490       0x41 build/cooja/mtype758.a(coap-engine.o)
 .rodata        0x000000000002a4d1       0x19 build/cooja/mtype758.a(coap-res-well-k)
 .rodata        0x000000000002a4ea       0x11 build/cooja/mtype758.a(coap-observe.o)
 .rodata        0x000000000002a4fb       0x35 build/cooja/mtype758.a(coap-uip.o)
 .rodata        0x000000000002a530      0x1ac build/cooja/mtype758.a(coap.o)
 .rodata        0x000000000002a6dc       0xf8 build/cooja/mtype758.a(contiki-main.o)
 .rodata        0x000000000002a7d4        0xf build/cooja/mtype758.a(ctimer.o)
 *fill*         0x000000000002a7e3        0x1 
 .rodata        0x000000000002a7e4       0xc4 build/cooja/mtype758.a(log.o)
 .rodata        0x000000000002a8a8        0xc build/cooja/mtype758.a(etimer.o)
 .rodata        0x000000000002a8b4       0x13 build/cooja/mtype758.a(button-hal.o)
 .rodata        0x000000000002a8c7        0xe build/cooja/mtype758.a(serial-line.o)
 *fill*         0x000000000002a8d5        0x3 
 .rodata        0x000000000002a8d8        0x8 build/cooja/mtype758.a(linkaddr.o)
                0x000000000002a8d8                linkaddr_null
 .rodata        0x000000000002a8e0       0x24 build/cooja/mtype758.a(csma.o)
                0x000000000002a8e8                csma_driver
 .rodata        0x000000000002a904       0x2a build/cooja/mtype758.a(csma-output.o)
 *fill*         0x000000000002a92e        0x2 
 .rodata        0x000000000002a930       0x4d build/cooja/mtype758.a(uip-ds6-route.o)
 .rodata        0x000000000002a97d        0xd build/cooja/mtype758.a(tcpip.o)
 *fill*         0x000000000002a98a        0x2 
 .rodata        0x000000000002a98c       0x30 build/cooja/mtype758.a(sicslowpan.o)
                0x000000000002a98c                unc_llconf
                0x000000000002a990                unc_ctxconf
                0x000000000002a994                unc_mxconf
                0x000000000002a998                llprefix
                0x000000000002a9ac                sicslowpan_driver
 .rodata        0x000000000002a9bc       0x2d build/cooja/mtype758.a(uiplib.o)
 *fill*         0x000000000002a9e9       0x17 
 .rodata        0x000000000002aa00       0x74 build/cooja/mtype758.a(rpl.o)
                0x000000000002aa20                rpl_lite_driver
 .rodata        0x000000000002aa74       0x20 build/cooja/mtype758.a(coap-timer-defa)
                0x000000000002aa88                coap_timer_default_driver
 .rodata        0x000000000002aa94       0x25 build/cooja/mtype758.a(assert.o)
 *fill*         0x000000000002aab9        0x3 
 .rodata        0x000000000002aabc        0xc build/cooja/mtype758.a(framer-802154.o)
                0x000000000002aabc                framer_802154
 .rodata        0x000000000002aac8       0x44 build/cooja/mtype758.a(uip-sr.o)
 .rodata        0x000000000002ab0c       0x58 build/cooja/mtype758.a(rpl-neighbor.o)
 .rodata        0x000000000002ab64       0xdb build/cooja/mtype758.a(rpl-dag.o)
 .rodata        0x000000000002ac3f        0xc build/cooja/mtype758.a(rpl-timers.o)

.rodata1
 *(.rodata1)

.eh_frame_hdr   0x000000000002ac4c     0x19e4
 *(.eh_frame_hdr)
 .eh_frame_hdr  0x000000000002ac4c     0x19e4 air_node.o
                0x000000000002ac4c                __GNU_EH_FRAME_HDR
 *(.eh_frame_entry .eh_frame_entry.*)

.eh_frame       0x000000000002c630     0x6908
 *(.eh_frame)
 .eh_frame      0x000000000002c630       0x3c /usr/lib/gcc/i686-linux-gnu/5/../../../i386-linux-gnu/crti.o
                                         0x40 (size before relaxing)
 .eh_frame      0x000000000002c66c       0x40 air_node.o
                                         0x58 (size before relaxing)
 .eh_frame      0x000000000002c6ac      0x178 build/cooja/mtype758.o
                                        0x190 (size before relaxing)
 .eh_frame      0x000000000002c824       0x40 build/cooja/mtype758.a(simEnvChange.o)
                                         0x58 (size before relaxing)
 .eh_frame      0x000000000002c864       0x60 build/cooja/mtype758.a(cooja_mt.o)
                                         0x78 (size before relaxing)
 .eh_frame      0x000000000002c8c4       0x80 build/cooja/mtype758.a(cooja_mtarch.o)
                                         0x98 (size before relaxing)
 .eh_frame      0x000000000002c944       0xc8 build/cooja/mtype758.a(rtimer-arch.o)
                                         0xe0 (size before relaxing)
 .eh_frame      0x000000000002ca0c      0x160 build/cooja/mtype758.a(beep.o)
                                        0x178 (size before relaxing)
 .eh_frame      0x000000000002cb6c       0x80 build/cooja/mtype758.a(leds-arch.o)
                                         0x98 (size before relaxing)
 .eh_frame      0x000000000002cbec       0x40 build/cooja/mtype758.a(moteid.o)
                                         0x58 (size before relaxing)
 .eh_frame      0x000000000002cc2c       0xa0 build/cooja/mtype758.a(pir-sensor.o)
                                         0xb8 (size before relaxing)
 .eh_frame      0x000000000002cccc      0x100 build/cooja/mtype758.a(rs232.o)
                                        0x118 (size before relaxing)
 .eh_frame      0x000000000002cdcc       0xa0 build/cooja/mtype758.a(vib-sensor.o)
                                         0xb8 (size before relaxing)
 .eh_frame      0x000000000002ce6c       0xc0 build/cooja/mtype758.a(clock.o)
                                         0xd8 (size before relaxing)
 .eh_frame      0x000000000002cf2c      0x120 build/cooja/mtype758.a(cooja-log.o)
                                        0x138 (size before relaxing)
 .eh_frame      0x000000000002d04c      0x160 build/cooja/mtype758.a(cfs-cooja.o)
                                        0x178 (size before relaxing)
 .eh_frame      0x000000000002d1ac      0x340 build/cooja/mtype758.a(cooja-radio.o)
                                        0x358 (size before relaxing)
 .eh_frame      0x000000000002d4ec       0xa0 build/cooja/mtype758.a(eeprom.o)
                                         0xb8 (size before relaxing)
 .eh_frame      0x000000000002d58c       0x40 build/cooja/mtype758.a(random.o)
                                         0x58 (size before relaxing)
 .eh_frame      0x000000000002d5cc       0xc0 build/cooja/mtype758.a(sensors.o)
                                         0xd8 (size before relaxing)
 .eh_frame      0x000000000002d68c      0x120 build/cooja/mtype758.a(leds.o)
                                        0x138 (size before relaxing)
 .eh_frame      0x000000000002d7ac      0x220 build/cooja/mtype758.a(gpio-hal-arch.o)
                                        0x238 (size before relaxing)
 .eh_frame      0x000000000002d9cc       0xa0 build/cooja/mtype758.a(buttons.o)
                                         0xb8 (size before relaxing)
 .eh_frame      0x000000000002da6c       0x40 build/cooja/mtype758.a(res_purifier.o)
                                         0x58 (size before relaxing)
 .eh_frame      0x000000000002daac       0x40 build/cooja/mtype758.a(res_air.o)
                                         0x58 (size before relaxing)
 .eh_frame      0x000000000002daec       0x44 build/cooja/mtype758.a(coap-blocking-a)
                                         0x5c (size before relaxing)
 .eh_frame      0x000000000002db30      0x220 build/cooja/mtype758.a(coap-engine.o)
                                        0x238 (size before relaxing)
 .eh_frame      0x000000000002dd50       0x24 build/cooja/mtype758.a(coap-res-well-k)
                                         0x3c (size before relaxing)
 .eh_frame      0x000000000002dd74      0x188 build/cooja/mtype758.a(coap-observe.o)
                                        0x1a0 (size before relaxing)
 .eh_frame      0x000000000002defc      0x250 build/cooja/mtype758.a(coap-uip.o)
                                        0x268 (size before relaxing)
 .eh_frame      0x000000000002e14c      0x114 build/cooja/mtype758.a(coap-timer.o)
                                        0x12c (size before relaxing)
 .eh_frame      0x000000000002e260      0x100 build/cooja/mtype758.a(coap-transactio)
                                        0x118 (size before relaxing)
 .eh_frame      0x000000000002e360      0x6ec build/cooja/mtype758.a(coap.o)
                                        0x704 (size before relaxing)
 .eh_frame      0x000000000002ea4c       0x30 build/cooja/mtype758.a(contiki-main.o)
                                         0x48 (size before relaxing)
 .eh_frame      0x000000000002ea7c       0x40 build/cooja/mtype758.a(autostart.o)
                                         0x58 (size before relaxing)
 .eh_frame      0x000000000002eabc      0x100 build/cooja/mtype758.a(ctimer.o)
                                        0x118 (size before relaxing)
 .eh_frame      0x000000000002ebbc      0x100 build/cooja/mtype758.a(log.o)
                                        0x118 (size before relaxing)
 .eh_frame      0x000000000002ecbc       0x60 build/cooja/mtype758.a(energest.o)
                                         0x78 (size before relaxing)
 .eh_frame      0x000000000002ed1c      0x1e0 build/cooja/mtype758.a(etimer.o)
                                        0x1f8 (size before relaxing)
 .eh_frame      0x000000000002eefc       0x20 build/cooja/mtype758.a(node-id.o)
                                         0x38 (size before relaxing)
 .eh_frame      0x000000000002ef1c       0x60 build/cooja/mtype758.a(rtimer.o)
                                         0x78 (size before relaxing)
 .eh_frame      0x000000000002ef7c      0x1c4 build/cooja/mtype758.a(process.o)
                                        0x1dc (size before relaxing)
 .eh_frame      0x000000000002f140       0xa4 build/cooja/mtype758.a(timer.o)
                                         0xbc (size before relaxing)
 .eh_frame      0x000000000002f1e4      0x1a0 build/cooja/mtype758.a(list.o)
                                        0x1b8 (size before relaxing)
 .eh_frame      0x000000000002f384       0xa0 build/cooja/mtype758.a(memb.o)
                                         0xb8 (size before relaxing)
 .eh_frame      0x000000000002f424      0x144 build/cooja/mtype758.a(button-hal.o)
                                        0x15c (size before relaxing)
 .eh_frame      0x000000000002f568       0x60 build/cooja/mtype758.a(serial-line.o)
                                         0x78 (size before relaxing)
 .eh_frame      0x000000000002f5c8       0xe0 build/cooja/mtype758.a(gpio-hal.o)
                                         0xf8 (size before relaxing)
 .eh_frame      0x000000000002f6a8      0x1a0 build/cooja/mtype758.a(queuebuf.o)
                                        0x1b8 (size before relaxing)
 .eh_frame      0x000000000002f848      0x28c build/cooja/mtype758.a(packetbuf.o)
                                        0x2a4 (size before relaxing)
 .eh_frame      0x000000000002fad4       0x80 build/cooja/mtype758.a(netstack.o)
                                         0x98 (size before relaxing)
 .eh_frame      0x000000000002fb54       0x60 build/cooja/mtype758.a(linkaddr.o)
                                         0x78 (size before relaxing)
 .eh_frame      0x000000000002fbb4       0xe0 build/cooja/mtype758.a(csma.o)
                                         0xf8 (size before relaxing)
 .eh_frame      0x000000000002fc94      0x1d0 build/cooja/mtype758.a(csma-output.o)
                                        0x1e8 (size before relaxing)
 .eh_frame      0x000000000002fe64      0x328 build/cooja/mtype758.a(uip-ds6.o)
                                        0x340 (size before relaxing)
 .eh_frame      0x000000000003018c       0x40 build/cooja/mtype758.a(uip-udp-packet.)
                                         0x58 (size before relaxing)
 .eh_frame      0x00000000000301cc      0x220 build/cooja/mtype758.a(uip-ds6-route.o)
                                        0x238 (size before relaxing)
 .eh_frame      0x00000000000303ec      0x244 build/cooja/mtype758.a(tcpip.o)
                                        0x25c (size before relaxing)
 .eh_frame      0x0000000000030630      0x1e8 build/cooja/mtype758.a(uip6.o)
                                        0x200 (size before relaxing)
 .eh_frame      0x0000000000030818      0x1c0 build/cooja/mtype758.a(uip-ds6-nbr.o)
                                        0x1d8 (size before relaxing)
 .eh_frame      0x00000000000309d8       0x84 build/cooja/mtype758.a(uip-nd6.o)
                                         0x9c (size before relaxing)
 .eh_frame      0x0000000000030a5c      0x2f8 build/cooja/mtype758.a(sicslowpan.o)
                                        0x310 (size before relaxing)
 .eh_frame      0x0000000000030d54       0x88 build/cooja/mtype758.a(uiplib.o)
                                         0xa0 (size before relaxing)
 .eh_frame      0x0000000000030ddc      0x1e0 build/cooja/mtype758.a(rpl.o)
                                        0x1f8 (size before relaxing)
 .eh_frame      0x0000000000030fbc      0x1c4 build/cooja/mtype758.a(rpl-icmp6.o)
                                        0x1dc (size before relaxing)
 .eh_frame      0x0000000000031180       0xa0 build/cooja/mtype758.a(rpl-dag-root.o)
                                         0xb8 (size before relaxing)
 .eh_frame      0x0000000000031220       0xa0 build/cooja/mtype758.a(watchdog.o)
                                         0xb8 (size before relaxing)
 .eh_frame      0x00000000000312c0       0x80 build/cooja/mtype758.a(int-master.o)
                                         0x98 (size before relaxing)
 .eh_frame      0x0000000000031340       0xa4 build/cooja/mtype758.a(coap-timer-defa)
                                         0xbc (size before relaxing)
 .eh_frame      0x00000000000313e4       0xc4 build/cooja/mtype758.a(stimer.o)
                                         0xdc (size before relaxing)
 .eh_frame      0x00000000000314a8       0xa0 build/cooja/mtype758.a(ringbuf.o)
                                         0xb8 (size before relaxing)
 .eh_frame      0x0000000000031548       0x20 build/cooja/mtype758.a(assert.o)
                                         0x38 (size before relaxing)
 .eh_frame      0x0000000000031568      0x2ac build/cooja/mtype758.a(nbr-table.o)
                                        0x2c4 (size before relaxing)
 .eh_frame      0x0000000000031814      0x120 build/cooja/mtype758.a(link-stats.o)
                                        0x138 (size before relaxing)
 .eh_frame      0x0000000000031934       0x48 build/cooja/mtype758.a(mac-sequence.o)
                                         0x60 (size before relaxing)
 .eh_frame      0x000000000003197c       0x20 build/cooja/mtype758.a(mac.o)
                                         0x38 (size before relaxing)
 .eh_frame      0x000000000003199c       0xa4 build/cooja/mtype758.a(framer-802154.o)
                                         0xbc (size before relaxing)
 .eh_frame      0x0000000000031a40      0x1a4 build/cooja/mtype758.a(frame802154.o)
                                        0x1bc (size before relaxing)
 .eh_frame      0x0000000000031be4       0x40 build/cooja/mtype758.a(csma-security.o)
                                         0x58 (size before relaxing)
 .eh_frame      0x0000000000031c24      0x200 build/cooja/mtype758.a(uipbuf.o)
                                        0x218 (size before relaxing)
 .eh_frame      0x0000000000031e24      0x150 build/cooja/mtype758.a(uip-icmp6.o)
                                        0x168 (size before relaxing)
 .eh_frame      0x0000000000031f74      0x184 build/cooja/mtype758.a(uip-sr.o)
                                        0x19c (size before relaxing)
 .eh_frame      0x00000000000320f8       0xe0 build/cooja/mtype758.a(uip-packetqueue)
                                         0xf8 (size before relaxing)
 .eh_frame      0x00000000000321d8       0x80 build/cooja/mtype758.a(rpl-nbr-policy.)
                                         0x98 (size before relaxing)
 .eh_frame      0x0000000000032258      0x2d4 build/cooja/mtype758.a(rpl-neighbor.o)
                                        0x2ec (size before relaxing)
 .eh_frame      0x000000000003252c      0x370 build/cooja/mtype758.a(rpl-dag.o)
                                        0x388 (size before relaxing)
 .eh_frame      0x000000000003289c      0x3a8 build/cooja/mtype758.a(rpl-timers.o)
                                        0x3c0 (size before relaxing)
 .eh_frame      0x0000000000032c44      0x124 build/cooja/mtype758.a(rpl-ext-header.)
                                        0x13c (size before relaxing)
 .eh_frame      0x0000000000032d68      0x148 build/cooja/mtype758.a(rpl-mrhof.o)
                                        0x160 (size before relaxing)
 .eh_frame      0x0000000000032eb0       0x84 /usr/lib/gcc/i686-linux-gnu/5/libgcc.a(_udivdi3.o)
                                         0x9c (size before relaxing)
 .eh_frame      0x0000000000032f34        0x4 /usr/lib/gcc/i686-linux-gnu/5/crtendS.o
 *(.eh_frame.*)

.gcc_except_table
 *(.gcc_except_table .gcc_except_table.*)

.gnu_extab
 *(.gnu_extab*)

.exception_ranges
 *(.exception_ranges .exception_ranges*)
                0x0000000000034f10                . = DATA_SEGMENT_ALIGN (0x1000, 0x1000)

.eh_frame
 *(.eh_frame)
 *(.eh_frame.*)

.gnu_extab
 *(.gnu_extab)

.gcc_except_table
 *(.gcc_except_table .gcc_except_table.*)

.exception_ranges
 *(.exception_ranges .exception_ranges*)

.tdata
 *(.tdata .tdata.* .gnu.linkonce.td.*)

.tbss
 *(.tbss .tbss.* .gnu.linkonce.tb.*)
 *(.tcommon)

.preinit_array
 *(.preinit_array)

.init_array     0x0000000000034f10        0x4
 *(SORT(.init_array.*) SORT(.ctors.*))
 *(.init_array EXCLUDE_FILE(*crtend?.o *crtend.o *crtbegin?.o *crtbegin.o) .ctors)
 .init_array    0x0000000000034f10        0x4 /usr/lib/gcc/i686-linux-gnu/5/crtbeginS.o

.fini_array     0x0000000000034f14        0x4
 *(SORT(.fini_array.*) SORT(.dtors.*))
 *(.fini_array EXCLUDE_FILE(*crtend?.o *crtend.o *crtbegin?.o *crtbegin.o) .dtors)
 .fini_array    0x0000000000034f14        0x4 /usr/lib/gcc/i686-linux-gnu/5/crtbeginS.o

.ctors
 *crtbegin.o(.ctors)
 *crtbegin?.o(.ctors)
 *(EXCLUDE_FILE(*crtend?.o *crtend.o) .ctors)
 *(SORT(.ctors.*))
 *(.ctors)

.dtors
 *crtbegin.o(.dtors)
 *crtbegin?.o(.dtors)
 *(EXCLUDE_FILE(*crtend?.o *crtend.o) .dtors)
 *(SORT(.dtors.*))
 *(.dtors)

.jcr            0x0000000000034f18        0x4
 *(.jcr)
 .jcr           0x0000000000034f18        0x0 /usr/lib/gcc/i686-linux-gnu/5/crtbeginS.o
 .jcr           0x0000000000034f18        0x4 /usr/lib/gcc/i686-linux-gnu/5/crtendS.o

.data.rel.ro
 *(.data.rel.ro.local* .gnu.linkonce.d.rel.ro.local.*)
 *(.data.rel.ro .data.rel.ro.* .gnu.linkonce.d.rel.ro.*)

.dynamic        0x0000000000034f1c       0xd0
 *(.dynamic)
 .dynamic       0x0000000000034f1c       0xd0 /usr/lib/gcc/i686-linux-gnu/5/../../../i386-linux-gnu/crti.o
                0x0000000000034f1c                _DYNAMIC

.got            0x0000000000034fec       0x14
 *(.got)
 .got           0x0000000000034fec       0x14 /usr/lib/gcc/i686-linux-gnu/5/../../../i386-linux-gnu/crti.o
 *(.igot)
                0x0000000000035ff4                . = DATA_SEGMENT_RELRO_END (., (SIZEOF (.got.plt) >= 0xc)?0xc:0x0)

.got.plt        0x0000000000035000        0xc
 *(.got.plt)
 .got.plt       0x0000000000035000        0xc /usr/lib/gcc/i686-linux-gnu/5/../../../i386-linux-gnu/crti.o
                0x0000000000035000                _GLOBAL_OFFSET_TABLE_
 *(.igot.plt)

.data           0x0000000000035020      0x4a4
 *(.data .data.* .gnu.linkonce.d.*)
 .data          0x0000000000035020        0x0 /usr/lib/gcc/i686-linux-gnu/5/../../../i386-linux-gnu/crti.o
 .data          0x0000000000035020        0x0 /usr/lib/gcc/i686-linux-gnu/5/crtbeginS.o
 .data.rel.local
                0x0000000000035020        0x4 /usr/lib/gcc/i686-linux-gnu/5/crtbeginS.o
                0x0000000000035020                __dso_handle
 .data          0x0000000000035024       0x10 air_node.o
                0x0000000000035024                air_process
 *fill*         0x0000000000035034        0xc 
 .data          0x0000000000035040       0x44 build/cooja/mtype758.o
                0x0000000000035040                simInterfaces
                0x0000000000035074                sensors
 .data          0x0000000000035084        0x0 build/cooja/mtype758.a(simEnvChange.o)
 .data          0x0000000000035084        0x0 build/cooja/mtype758.a(cooja_mt.o)
 .data          0x0000000000035084        0x0 build/cooja/mtype758.a(cooja_mtarch.o)
 .data          0x0000000000035084        0x0 build/cooja/mtype758.a(rtimer-arch.o)
 .data          0x0000000000035084        0x0 build/cooja/mtype758.a(beep.o)
 .data          0x0000000000035084        0x0 build/cooja/mtype758.a(leds-arch.o)
 .data          0x0000000000035084        0x0 build/cooja/mtype758.a(moteid.o)
 .data          0x0000000000035084        0x0 build/cooja/mtype758.a(pir-sensor.o)
 .data          0x0000000000035084        0x0 build/cooja/mtype758.a(rs232.o)
 .data          0x0000000000035084        0x0 build/cooja/mtype758.a(vib-sensor.o)
 .data          0x0000000000035084        0x0 build/cooja/mtype758.a(clock.o)
 .data          0x0000000000035084        0x0 build/cooja/mtype758.a(cooja-log.o)
 .data          0x0000000000035084        0x0 build/cooja/mtype758.a(cfs-cooja.o)
 .data          0x0000000000035084       0x2c build/cooja/mtype758.a(cooja-radio.o)
                0x0000000000035084                simRadioHWOn
                0x0000000000035088                simSignalStrength
                0x000000000003508c                simLastSignalStrength
                0x0000000000035090                simPower
                0x0000000000035094                simRadioChannel
                0x0000000000035098                simLQI
                0x00000000000350a0                cooja_radio_process
 .data          0x00000000000350b0        0x0 build/cooja/mtype758.a(eeprom.o)
 .data          0x00000000000350b0        0x0 build/cooja/mtype758.a(random.o)
 .data          0x00000000000350b0       0x10 build/cooja/mtype758.a(sensors.o)
                0x00000000000350b0                sensors_process
 .data          0x00000000000350c0        0x0 build/cooja/mtype758.a(leds.o)
 .data          0x00000000000350c0        0x0 build/cooja/mtype758.a(gpio-hal-arch.o)
 .data          0x00000000000350c0       0x78 build/cooja/mtype758.a(buttons.o)
                0x00000000000350c0                simButtonIsActive
                0x0000000000035130                button_hal_buttons
 *fill*         0x0000000000035138        0x8 
 .data          0x0000000000035140       0x24 build/cooja/mtype758.a(res_purifier.o)
                0x0000000000035140                res_purifier
 *fill*         0x0000000000035164       0x1c 
 .data          0x0000000000035180       0x44 build/cooja/mtype758.a(res_air.o)
                0x0000000000035180                carbon_dioxide_level
                0x00000000000351a0                res_air
 .data          0x00000000000351c4        0x0 build/cooja/mtype758.a(coap-blocking-a)
 .data          0x00000000000351c4        0x8 build/cooja/mtype758.a(coap-engine.o)
 *fill*         0x00000000000351cc       0x14 
 .data          0x00000000000351e0       0x24 build/cooja/mtype758.a(coap-res-well-k)
                0x00000000000351e0                res_well_known_core
 .data          0x0000000000035204       0x10 build/cooja/mtype758.a(coap-observe.o)
 .data          0x0000000000035214       0x10 build/cooja/mtype758.a(coap-uip.o)
                0x0000000000035214                coap_engine
 .data          0x0000000000035224        0x4 build/cooja/mtype758.a(coap-timer.o)
 .data          0x0000000000035228       0x10 build/cooja/mtype758.a(coap-transactio)
 .data          0x0000000000035238        0x4 build/cooja/mtype758.a(coap.o)
                0x0000000000035238                coap_error_message
 .data          0x000000000003523c        0x0 build/cooja/mtype758.a(contiki-main.o)
 .data          0x000000000003523c        0x0 build/cooja/mtype758.a(autostart.o)
 .data          0x000000000003523c       0x14 build/cooja/mtype758.a(ctimer.o)
                0x0000000000035240                ctimer_process
 *fill*         0x0000000000035250       0x10 
 .data          0x0000000000035260       0xbc build/cooja/mtype758.a(log.o)
                0x0000000000035260                curr_log_level_main
                0x0000000000035280                all_modules
 .data          0x000000000003531c        0x0 build/cooja/mtype758.a(energest.o)
 .data          0x000000000003531c       0x10 build/cooja/mtype758.a(etimer.o)
                0x000000000003531c                etimer_process
 .data          0x000000000003532c        0x0 build/cooja/mtype758.a(node-id.o)
 .data          0x000000000003532c        0x0 build/cooja/mtype758.a(rtimer.o)
 .data          0x000000000003532c        0x0 build/cooja/mtype758.a(process.o)
 .data          0x000000000003532c        0x0 build/cooja/mtype758.a(timer.o)
 .data          0x000000000003532c        0x0 build/cooja/mtype758.a(list.o)
 .data          0x000000000003532c        0x0 build/cooja/mtype758.a(memb.o)
 .data          0x000000000003532c       0x10 build/cooja/mtype758.a(button-hal.o)
                0x000000000003532c                button_hal_process
 .data          0x000000000003533c       0x10 build/cooja/mtype758.a(serial-line.o)
                0x000000000003533c                serial_line_process
 .data          0x000000000003534c        0x4 build/cooja/mtype758.a(gpio-hal.o)
 .data          0x0000000000035350       0x18 build/cooja/mtype758.a(queuebuf.o)
 .data          0x0000000000035368        0x4 build/cooja/mtype758.a(packetbuf.o)
 .data          0x000000000003536c        0x4 build/cooja/mtype758.a(netstack.o)
 .data          0x0000000000035370        0x0 build/cooja/mtype758.a(linkaddr.o)
 .data          0x0000000000035370        0x0 build/cooja/mtype758.a(csma.o)
 .data          0x0000000000035370       0x28 build/cooja/mtype758.a(csma-output.o)
 .data          0x0000000000035398        0x0 build/cooja/mtype758.a(uip-ds6.o)
 .data          0x0000000000035398        0x0 build/cooja/mtype758.a(uip-udp-packet.)
 .data          0x0000000000035398       0x10 build/cooja/mtype758.a(uip-ds6-route.o)
 .data          0x00000000000353a8       0x10 build/cooja/mtype758.a(tcpip.o)
                0x00000000000353a8                tcpip_process
 .data          0x00000000000353b8        0x0 build/cooja/mtype758.a(uip6.o)
 .data          0x00000000000353b8       0x14 build/cooja/mtype758.a(uip-ds6-nbr.o)
 .data          0x00000000000353cc        0xc build/cooja/mtype758.a(uip-nd6.o)
 .data          0x00000000000353d8        0x0 build/cooja/mtype758.a(sicslowpan.o)
 .data          0x00000000000353d8        0x0 build/cooja/mtype758.a(uiplib.o)
 .data          0x00000000000353d8        0x0 build/cooja/mtype758.a(rpl.o)
 .data          0x00000000000353d8       0x30 build/cooja/mtype758.a(rpl-icmp6.o)
 .data          0x0000000000035408        0x0 build/cooja/mtype758.a(rpl-dag-root.o)
 .data          0x0000000000035408        0x0 build/cooja/mtype758.a(watchdog.o)
 .data          0x0000000000035408        0x0 build/cooja/mtype758.a(int-master.o)
 .data          0x0000000000035408       0x10 build/cooja/mtype758.a(coap-timer-defa)
                0x0000000000035408                coap_timer_process
 .data          0x0000000000035418        0x0 build/cooja/mtype758.a(stimer.o)
 .data          0x0000000000035418        0x0 build/cooja/mtype758.a(ringbuf.o)
 .data          0x0000000000035418        0x0 build/cooja/mtype758.a(assert.o)
 .data          0x0000000000035418       0x10 build/cooja/mtype758.a(nbr-table.o)
 .data          0x0000000000035428       0x14 build/cooja/mtype758.a(link-stats.o)
 .data          0x000000000003543c        0x0 build/cooja/mtype758.a(mac-sequence.o)
 .data          0x000000000003543c        0x0 build/cooja/mtype758.a(mac.o)
 .data          0x000000000003543c        0x0 build/cooja/mtype758.a(framer-802154.o)
 .data          0x000000000003543c        0x2 build/cooja/mtype758.a(frame802154.o)
 .data          0x000000000003543e        0x0 build/cooja/mtype758.a(csma-security.o)
 .data          0x000000000003543e        0x0 build/cooja/mtype758.a(uipbuf.o)
 *fill*         0x000000000003543e        0x2 
 .data          0x0000000000035440       0x20 build/cooja/mtype758.a(uip-icmp6.o)
 .data          0x0000000000035460       0x10 build/cooja/mtype758.a(uip-sr.o)
 .data          0x0000000000035470        0xc build/cooja/mtype758.a(uip-packetqueue)
 .data          0x000000000003547c        0x0 build/cooja/mtype758.a(rpl-nbr-policy.)
 .data          0x000000000003547c       0x14 build/cooja/mtype758.a(rpl-neighbor.o)
                0x000000000003548c                rpl_neighbors
 .data          0x0000000000035490        0x0 build/cooja/mtype758.a(rpl-dag.o)
 .data          0x0000000000035490        0x0 build/cooja/mtype758.a(rpl-timers.o)
 .data          0x0000000000035490        0x0 build/cooja/mtype758.a(rpl-ext-header.)
 *fill*         0x0000000000035490       0x10 
 .data          0x00000000000354a0       0x24 build/cooja/mtype758.a(rpl-mrhof.o)
                0x00000000000354a0                rpl_mrhof
 .data          0x00000000000354c4        0x0 /usr/lib/gcc/i686-linux-gnu/5/libgcc.a(_udivdi3.o)
 .data          0x00000000000354c4        0x0 /usr/lib/gcc/i686-linux-gnu/5/crtendS.o
 .data          0x00000000000354c4        0x0 /usr/lib/gcc/i686-linux-gnu/5/../../../i386-linux-gnu/crtn.o

.tm_clone_table
                0x00000000000354c4        0x0
 .tm_clone_table
                0x00000000000354c4        0x0 /usr/lib/gcc/i686-linux-gnu/5/crtbeginS.o
 .tm_clone_table
                0x00000000000354c4        0x0 /usr/lib/gcc/i686-linux-gnu/5/crtendS.o

.data1
 *(.data1)
                0x00000000000354c4                _edata = .
                [!provide]                        PROVIDE (edata, .)
                0x00000000000354c4                . = .
                0x00000000000354c4                __bss_start = .

.bss            0x00000000000354e0    0x13f64
 *(.dynbss)
 .dynbss        0x00000000000354e0        0x0 /usr/lib/gcc/i686-linux-gnu/5/../../../i386-linux-gnu/crti.o
 *(.bss .bss.* .gnu.linkonce.b.*)
 .bss           0x00000000000354e0        0x0 /usr/lib/gcc/i686-linux-gnu/5/../../../i386-linux-gnu/crti.o
 .bss           0x00000000000354e0        0x1 /usr/lib/gcc/i686-linux-gnu/5/crtbeginS.o
 *fill*         0x00000000000354e1       0x1f 
 .bss           0x0000000000035500      0x11c air_node.o
 *fill*         0x000000000003561c        0x4 
 .bss           0x0000000000035620     0x2030 build/cooja/mtype758.o
 .bss           0x0000000000037650        0x1 build/cooja/mtype758.a(simEnvChange.o)
                0x0000000000037650                simDontFallAsleep
 *fill*         0x0000000000037651        0x3 
 .bss           0x0000000000037654        0x4 build/cooja/mtype758.a(cooja_mt.o)
 .bss           0x0000000000037658        0x4 build/cooja/mtype758.a(cooja_mtarch.o)
 .bss           0x000000000003765c        0x0 build/cooja/mtype758.a(rtimer-arch.o)
 .bss           0x000000000003765c        0x0 build/cooja/mtype758.a(beep.o)
 .bss           0x000000000003765c        0x1 build/cooja/mtype758.a(leds-arch.o)
                0x000000000003765c                simLedsValue
 .bss           0x000000000003765d        0x0 build/cooja/mtype758.a(moteid.o)
 .bss           0x000000000003765d        0x1 build/cooja/mtype758.a(pir-sensor.o)
                0x000000000003765d                simPirValue
 *fill*         0x000000000003765e        0x2 
 .bss           0x0000000000037660        0x4 build/cooja/mtype758.a(rs232.o)
 .bss           0x0000000000037664        0x1 build/cooja/mtype758.a(vib-sensor.o)
                0x0000000000037664                simVibValue
 .bss           0x0000000000037665        0x0 build/cooja/mtype758.a(clock.o)
 *fill*         0x0000000000037665       0x1b 
 .bss           0x0000000000037680     0x2020 build/cooja/mtype758.a(cooja-log.o)
 .bss           0x00000000000396a0      0xfc0 build/cooja/mtype758.a(cfs-cooja.o)
                0x00000000000396a0                simCFSData
                0x000000000003a640                simCFSSize
                0x000000000003a644                simCFSChanged
                0x000000000003a648                simCFSRead
                0x000000000003a64c                simCFSWritten
 .bss           0x000000000003a660       0x24 build/cooja/mtype758.a(cooja-radio.o)
                0x000000000003a660                simReceiving
                0x000000000003a664                simInSize
                0x000000000003a668                simLastPacketTimestamp
                0x000000000003a670                simOutSize
 .bss           0x000000000003a684        0xc build/cooja/mtype758.a(eeprom.o)
                0x000000000003a684                simEEPROMChanged
                0x000000000003a688                simEEPROMRead
                0x000000000003a68c                simEEPROMWritten
 .bss           0x000000000003a690        0x0 build/cooja/mtype758.a(random.o)
 .bss           0x000000000003a690        0xc build/cooja/mtype758.a(sensors.o)
 .bss           0x000000000003a69c        0x0 build/cooja/mtype758.a(leds.o)
 .bss           0x000000000003a69c       0x24 build/cooja/mtype758.a(gpio-hal-arch.o)
 .bss           0x000000000003a6c0        0x0 build/cooja/mtype758.a(buttons.o)
 .bss           0x000000000003a6c0        0x1 build/cooja/mtype758.a(res_purifier.o)
                0x000000000003a6c0                purification_mode
 *fill*         0x000000000003a6c1        0x3 
 .bss           0x000000000003a6c4        0x8 build/cooja/mtype758.a(res_air.o)
                0x000000000003a6c4                alert_level
 .bss           0x000000000003a6cc        0x0 build/cooja/mtype758.a(coap-blocking-a)
 *fill*         0x000000000003a6cc       0x14 
 .bss           0x000000000003a6e0      0x190 build/cooja/mtype758.a(coap-engine.o)
 .bss           0x000000000003a870        0x0 build/cooja/mtype758.a(coap-res-well-k)
 *fill*         0x000000000003a870       0x10 
 .bss           0x000000000003a880      0x120 build/cooja/mtype758.a(coap-observe.o)
 .bss           0x000000000003a9a0       0x18 build/cooja/mtype758.a(coap-uip.o)
 .bss           0x000000000003a9b8        0x5 build/cooja/mtype758.a(coap-timer.o)
 *fill*         0x000000000003a9bd        0x3 
 .bss           0x000000000003a9c0      0x334 build/cooja/mtype758.a(coap-transactio)
 .bss           0x000000000003acf4        0x6 build/cooja/mtype758.a(coap.o)
                0x000000000003acf4                coap_status_code
 .bss           0x000000000003acfa        0x0 build/cooja/mtype758.a(contiki-main.o)
 .bss           0x000000000003acfa        0x0 build/cooja/mtype758.a(autostart.o)
 *fill*         0x000000000003acfa        0x2 
 .bss           0x000000000003acfc        0x5 build/cooja/mtype758.a(ctimer.o)
 *fill*         0x000000000003ad01        0x3 
 .bss           0x000000000003ad04       0x2c build/cooja/mtype758.a(log.o)
                0x000000000003ad04                curr_log_level_rpl
                0x000000000003ad08                curr_log_level_tcpip
                0x000000000003ad0c                curr_log_level_ipv6
                0x000000000003ad10                curr_log_level_6lowpan
                0x000000000003ad14                curr_log_level_nullnet
                0x000000000003ad18                curr_log_level_mac
                0x000000000003ad1c                curr_log_level_framer
                0x000000000003ad20                curr_log_level_6top
                0x000000000003ad24                curr_log_level_coap
                0x000000000003ad28                curr_log_level_snmp
                0x000000000003ad2c                curr_log_level_lwm2m
 .bss           0x000000000003ad30        0x0 build/cooja/mtype758.a(energest.o)
 .bss           0x000000000003ad30        0x8 build/cooja/mtype758.a(etimer.o)
 .bss           0x000000000003ad38        0x2 build/cooja/mtype758.a(node-id.o)
                0x000000000003ad38                node_id
 *fill*         0x000000000003ad3a        0x2 
 .bss           0x000000000003ad3c        0x4 build/cooja/mtype758.a(rtimer.o)
 .bss           0x000000000003ad40      0x1a1 build/cooja/mtype758.a(process.o)
                0x000000000003ad40                process_list
                0x000000000003ad44                process_current
 .bss           0x000000000003aee1        0x0 build/cooja/mtype758.a(timer.o)
 .bss           0x000000000003aee1        0x0 build/cooja/mtype758.a(list.o)
 .bss           0x000000000003aee1        0x0 build/cooja/mtype758.a(memb.o)
 *fill*         0x000000000003aee1        0x3 
 .bss           0x000000000003aee4       0x10 build/cooja/mtype758.a(button-hal.o)
 *fill*         0x000000000003aef4        0xc 
 .bss           0x000000000003af00      0x140 build/cooja/mtype758.a(serial-line.o)
 .bss           0x000000000003b040        0x4 build/cooja/mtype758.a(gpio-hal.o)
 *fill*         0x000000000003b044       0x1c 
 .bss           0x000000000003b060     0x2c80 build/cooja/mtype758.a(queuebuf.o)
 .bss           0x000000000003dce0       0xa0 build/cooja/mtype758.a(packetbuf.o)
 .bss           0x000000000003dd80        0x4 build/cooja/mtype758.a(netstack.o)
 .bss           0x000000000003dd84        0x0 build/cooja/mtype758.a(linkaddr.o)
 .bss           0x000000000003dd84        0x0 build/cooja/mtype758.a(csma.o)
 *fill*         0x000000000003dd84       0x1c 
 .bss           0x000000000003dda0      0x726 build/cooja/mtype758.a(csma-output.o)
 *fill*         0x000000000003e4c6        0x2 
 .bss           0x000000000003e4c8       0x30 build/cooja/mtype758.a(uip-ds6.o)
 .bss           0x000000000003e4f8        0x0 build/cooja/mtype758.a(uip-udp-packet.)
 *fill*         0x000000000003e4f8        0x8 
 .bss           0x000000000003e500       0x60 build/cooja/mtype758.a(uip-ds6-route.o)
 .bss           0x000000000003e560       0x10 build/cooja/mtype758.a(tcpip.o)
 .bss           0x000000000003e570        0x8 build/cooja/mtype758.a(uip6.o)
                0x000000000003e570                uip_ext_bitmap
                0x000000000003e572                uip_ext_len